DEBUG - 2026-08-11 19:46:06 --> Session: Class initialized using 'CodeIgniter\Session\Handlers\FileHandler' driver.
DEBUG - 2026-08-11 19:46:08 --> Session: Class initialized using 'CodeIgniter\Session\Handlers\FileHandler' driver.
DEBUG - 2026-08-11 19:46:14 --> Session: Class initialized using 'CodeIgniter\Session\Handlers\FileHandler' driver.
DEBUG - 2026-08-11 19:46:14 --> Session: Class initialized using 'CodeIgniter\Session\Handlers\FileHandler' driver.
DEBUG - 2026-08-11 19:46:16 --> Session: Class initialized using 'CodeIgniter\Session\Handlers\FileHandler' driver.
DEBUG - 2026-08-11 19:46:23 --> Session: Class initialized using 'CodeIgniter\Session\Handlers\FileHandler' driver.
DEBUG - 2026-08-11 19:46:28 --> Session: Class initialized using 'CodeIgniter\Session\Handlers\FileHandler' driver.
DEBUG - 2026-08-11 19:46:31 --> Session: Class initialized using 'CodeIgniter\Session\Handlers\FileHandler' driver.
DEBUG - 2026-08-11 19:47:11 --> Session: Class initialized using 'CodeIgniter\Session\Handlers\FileHandler' driver.
DEBUG - 2026-08-11 19:47:14 --> Session: Class initialized using 'CodeIgniter\Session\Handlers\FileHandler' driver.
DEBUG - 2026-08-11 19:54:02 --> Session: Class initialized using 'CodeIgniter\Session\Handlers\FileHandler' driver.
DEBUG - 2026-08-11 19:54:02 --> Session: Class initialized using 'CodeIgniter\Session\Handlers\FileHandler' driver.
DEBUG - 2026-08-11 19:54:02 --> Session: Class initialized using 'CodeIgniter\Session\Handlers\FileHandler' driver.
DEBUG - 2026-08-11 19:54:07 --> Session: Class initialized using 'CodeIgniter\Session\Handlers\FileHandler' driver.
DEBUG - 2026-08-11 19:54:23 --> Session: Class initialized using 'CodeIgniter\Session\Handlers\FileHandler' driver.
DEBUG - 2026-08-11 19:54:23 --> Session: Class initialized using 'CodeIgniter\Session\Handlers\FileHandler' driver.
DEBUG - 2026-08-11 19:54:23 --> Session: Class initialized using 'CodeIgniter\Session\Handlers\FileHandler' driver.
DEBUG - 2026-08-11 19:54:36 --> Session: Class initialized using 'CodeIgniter\Session\Handlers\FileHandler' driver.
DEBUG - 2026-08-11 19:56:00 --> Session: Class initialized using 'CodeIgniter\Session\Handlers\FileHandler' driver.
DEBUG - 2026-08-11 19:56:00 --> Session: Class initialized using 'CodeIgniter\Session\Handlers\FileHandler' driver.
DEBUG - 2026-08-11 19:56:01 --> Session: Class initialized using 'CodeIgniter\Session\Handlers\FileHandler' driver.
DEBUG - 2026-08-11 19:56:57 --> Session: Class initialized using 'CodeIgniter\Session\Handlers\FileHandler' driver.
DEBUG - 2026-08-11 19:56:57 --> Session: Class initialized using 'CodeIgniter\Session\Handlers\FileHandler' driver.
DEBUG - 2026-08-11 19:56:58 --> Session: Class initialized using 'CodeIgniter\Session\Handlers\FileHandler' driver.
DEBUG - 2026-08-11 19:57:17 --> Session: Class initialized using 'CodeIgniter\Session\Handlers\FileHandler' driver.
DEBUG - 2026-08-11 19:57:46 --> Session: Class initialized using 'CodeIgniter\Session\Handlers\FileHandler' driver.
DEBUG - 2026-08-11 19:57:53 --> Session: Class initialized using 'CodeIgniter\Session\Handlers\FileHandler' driver.
DEBUG - 2026-08-11 19:57:55 --> Session: Class initialized using 'CodeIgniter\Session\Handlers\FileHandler' driver.
DEBUG - 2026-08-11 19:58:05 --> Session: Class initialized using 'CodeIgniter\Session\Handlers\FileHandler' driver.
DEBUG - 2026-08-11 19:58:06 --> Session: Class initialized using 'CodeIgniter\Session\Handlers\FileHandler' driver.
DEBUG - 2026-08-11 19:58:21 --> Session: Class initialized using 'CodeIgniter\Session\Handlers\FileHandler' driver.
DEBUG - 2026-08-11 19:58:23 --> Session: Class initialized using 'CodeIgniter\Session\Handlers\FileHandler' driver.
DEBUG - 2026-08-11 19:58:27 --> Session: Class initialized using 'CodeIgniter\Session\Handlers\FileHandler' driver.
DEBUG - 2026-08-11 19:58:31 --> Session: Class initialized using 'CodeIgniter\Session\Handlers\FileHandler' driver.
DEBUG - 2026-08-11 19:58:32 --> Session: Class initialized using 'CodeIgniter\Session\Handlers\FileHandler' driver.
DEBUG - 2026-08-11 19:58:35 --> Session: Class initialized using 'CodeIgniter\Session\Handlers\FileHandler' driver.
DEBUG - 2026-08-11 19:58:36 --> Session: Class initialized using 'CodeIgniter\Session\Handlers\FileHandler' driver.
DEBUG - 2026-08-11 19:58:38 --> Session: Class initialized using 'CodeIgniter\Session\Handlers\FileHandler' driver.
DEBUG - 2026-08-11 19:58:39 --> Session: Class initialized using 'CodeIgniter\Session\Handlers\FileHandler' driver.
DEBUG - 2026-08-11 19:58:41 --> Session: Class initialized using 'CodeIgniter\Session\Handlers\FileHandler' driver.
DEBUG - 2026-08-11 20:00:18 --> Session: Class initialized using 'CodeIgniter\Session\Handlers\FileHandler' driver.
DEBUG - 2026-08-11 20:00:38 --> Session: Class initialized using 'CodeIgniter\Session\Handlers\FileHandler' driver.
DEBUG - 2026-08-11 20:00:50 --> Session: Class initialized using 'CodeIgniter\Session\Handlers\FileHandler' driver.
DEBUG - 2026-08-11 20:01:28 --> Session: Class initialized using 'CodeIgniter\Session\Handlers\FileHandler' driver.
DEBUG - 2026-08-11 20:01:32 --> Session: Class initialized using 'CodeIgniter\Session\Handlers\FileHandler' driver.
DEBUG - 2026-08-11 20:04:44 --> Session: Class initialized using 'CodeIgniter\Session\Handlers\FileHandler' driver.
DEBUG - 2026-08-11 20:06:11 --> Session: Class initialized using 'CodeIgniter\Session\Handlers\FileHandler' driver.
DEBUG - 2026-08-11 20:06:11 --> Session: Class initialized using 'CodeIgniter\Session\Handlers\FileHandler' driver.
DEBUG - 2026-08-11 20:06:15 --> Session: Class initialized using 'CodeIgniter\Session\Handlers\FileHandler' driver.
DEBUG - 2026-08-11 20:06:15 --> Session: Class initialized using 'CodeIgniter\Session\Handlers\FileHandler' driver.
DEBUG - 2026-08-11 20:06:25 --> Session: Class initialized using 'CodeIgniter\Session\Handlers\FileHandler' driver.
ERROR - 2026-08-11 20:06:27 --> [Microsoft][ODBC Driver 17 for SQL Server][SQL Server]No se puede insertar el valor NULL en la columna 'email', tabla 'NewFitnessSystems2.dbo.Persona'. La columna no admite valores NULL. Error de INSERT. SQLSTATE: 23000, code: 515
[Microsoft][ODBC Driver 17 for SQL Server][SQL Server]Se terminó la instrucción. SQLSTATE: 01000, code: 3621
in SYSTEMPATH\Database\BaseConnection.php on line 910.
 1 SYSTEMPATH\Database\BaseConnection.php(827): CodeIgniter\Database\BaseConnection->simpleQuery('INSERT INTO "NewFitnessSystems2"."dbo"."Persona" ("nombre","apellido","email","telefono","dni","id_rol","baja") VALUES (\'PROFE2\', \'TEST\', NULL, \'555\', \'99999999\', 2, \'N\')')
 2 SYSTEMPATH\Database\BaseBuilder.php(2345): CodeIgniter\Database\BaseConnection->query('INSERT INTO "NewFitnessSystems2"."dbo"."Persona" ("nombre","apellido","email","telefono","dni","id_rol","baja") VALUES (:nombre:, :apellido:, :email:, :telefono:, :dni:, :id_rol:, :baja:)', [...], false)
 3 SYSTEMPATH\Model.php(355): CodeIgniter\Database\BaseBuilder->insert()
 4 SYSTEMPATH\BaseModel.php(899): CodeIgniter\Model->doInsert([...])
 5 SYSTEMPATH\Model.php(668): CodeIgniter\BaseModel->insert([...], true)
 6 APPPATH\Controllers\ClienteController.php(170): CodeIgniter\Model->insert([...])
 7 SYSTEMPATH\CodeIgniter.php(951): App\Controllers\ClienteController->nuevoProfesor()
 8 SYSTEMPATH\CodeIgniter.php(497): CodeIgniter\CodeIgniter->runController(Object(App\Controllers\ClienteController))
 9 SYSTEMPATH\CodeIgniter.php(340): CodeIgniter\CodeIgniter->handleRequest(null, Object(Config\Cache), false)
10 SYSTEMPATH\Boot.php(417): CodeIgniter\CodeIgniter->run()
11 SYSTEMPATH\Boot.php(68): CodeIgniter\Boot::runCodeIgniter(Object(CodeIgniter\CodeIgniter))
12 FCPATH\index.php(65): CodeIgniter\Boot::bootWeb(Object(Config\Paths))
ERROR - 2026-08-11 20:06:27 --> [Microsoft][ODBC Driver 17 for SQL Server][SQL Server]Instrucción INSERT en conflicto con la restricción FOREIGN KEY 'FK__Usuario__id_pers__48CFD27E'. El conflicto ha aparecido en la base de datos 'NewFitnessSystems2', tabla 'dbo.Persona', column 'id_persona'. SQLSTATE: 23000, code: 547
[Microsoft][ODBC Driver 17 for SQL Server][SQL Server]Se terminó la instrucción. SQLSTATE: 01000, code: 3621
in SYSTEMPATH\Database\BaseConnection.php on line 910.
 1 SYSTEMPATH\Database\BaseConnection.php(827): CodeIgniter\Database\BaseConnection->simpleQuery('INSERT INTO "NewFitnessSystems2"."dbo"."Usuario" ("nombre_usuario","contraseña","id_persona") VALUES (\'profe2\', \'$2y$10$5xesAC70bVw60dK1oLIhEOZqIG/pOpunwTxq4KWpDBv3jGhxTnnaa\', 0)')
 2 SYSTEMPATH\Database\BaseBuilder.php(2345): CodeIgniter\Database\BaseConnection->query('INSERT INTO "NewFitnessSystems2"."dbo"."Usuario" ("nombre_usuario","contraseña","id_persona") VALUES (:nombre_usuario:, :contraseña:, :id_persona:)', [...], false)
 3 SYSTEMPATH\Model.php(355): CodeIgniter\Database\BaseBuilder->insert()
 4 SYSTEMPATH\BaseModel.php(899): CodeIgniter\Model->doInsert([...])
 5 SYSTEMPATH\Model.php(668): CodeIgniter\BaseModel->insert([...], true)
 6 APPPATH\Controllers\ClienteController.php(182): CodeIgniter\Model->insert([...])
 7 SYSTEMPATH\CodeIgniter.php(951): App\Controllers\ClienteController->nuevoProfesor()
 8 SYSTEMPATH\CodeIgniter.php(497): CodeIgniter\CodeIgniter->runController(Object(App\Controllers\ClienteController))
 9 SYSTEMPATH\CodeIgniter.php(340): CodeIgniter\CodeIgniter->handleRequest(null, Object(Config\Cache), false)
10 SYSTEMPATH\Boot.php(417): CodeIgniter\CodeIgniter->run()
11 SYSTEMPATH\Boot.php(68): CodeIgniter\Boot::runCodeIgniter(Object(CodeIgniter\CodeIgniter))
12 FCPATH\index.php(65): CodeIgniter\Boot::bootWeb(Object(Config\Paths))
DEBUG - 2026-08-11 20:06:27 --> Session: Class initialized using 'CodeIgniter\Session\Handlers\FileHandler' driver.
DEBUG - 2026-08-11 20:06:31 --> Session: Class initialized using 'CodeIgniter\Session\Handlers\FileHandler' driver.
DEBUG - 2026-08-11 20:06:36 --> Session: Class initialized using 'CodeIgniter\Session\Handlers\FileHandler' driver.
DEBUG - 2026-08-11 20:06:48 --> Session: Class initialized using 'CodeIgniter\Session\Handlers\FileHandler' driver.
ERROR - 2026-08-11 20:06:48 --> [Microsoft][ODBC Driver 17 for SQL Server][SQL Server]No se puede insertar el valor NULL en la columna 'email', tabla 'NewFitnessSystems2.dbo.Persona'. La columna no admite valores NULL. Error de INSERT. SQLSTATE: 23000, code: 515
[Microsoft][ODBC Driver 17 for SQL Server][SQL Server]Se terminó la instrucción. SQLSTATE: 01000, code: 3621
in SYSTEMPATH\Database\BaseConnection.php on line 910.
 1 SYSTEMPATH\Database\BaseConnection.php(827): CodeIgniter\Database\BaseConnection->simpleQuery('INSERT INTO "NewFitnessSystems2"."dbo"."Persona" ("nombre","apellido","email","telefono","dni","id_rol","baja") VALUES (\'PROFE2\', \'TEST\', NULL, \'555\', \'99999999\', 2, \'N\')')
 2 SYSTEMPATH\Database\BaseBuilder.php(2345): CodeIgniter\Database\BaseConnection->query('INSERT INTO "NewFitnessSystems2"."dbo"."Persona" ("nombre","apellido","email","telefono","dni","id_rol","baja") VALUES (:nombre:, :apellido:, :email:, :telefono:, :dni:, :id_rol:, :baja:)', [...], false)
 3 SYSTEMPATH\Model.php(355): CodeIgniter\Database\BaseBuilder->insert()
 4 SYSTEMPATH\BaseModel.php(899): CodeIgniter\Model->doInsert([...])
 5 SYSTEMPATH\Model.php(668): CodeIgniter\BaseModel->insert([...], true)
 6 APPPATH\Controllers\ClienteController.php(170): CodeIgniter\Model->insert([...])
 7 SYSTEMPATH\CodeIgniter.php(951): App\Controllers\ClienteController->nuevoProfesor()
 8 SYSTEMPATH\CodeIgniter.php(497): CodeIgniter\CodeIgniter->runController(Object(App\Controllers\ClienteController))
 9 SYSTEMPATH\CodeIgniter.php(340): CodeIgniter\CodeIgniter->handleRequest(null, Object(Config\Cache), false)
10 SYSTEMPATH\Boot.php(417): CodeIgniter\CodeIgniter->run()
11 SYSTEMPATH\Boot.php(68): CodeIgniter\Boot::runCodeIgniter(Object(CodeIgniter\CodeIgniter))
12 FCPATH\index.php(65): CodeIgniter\Boot::bootWeb(Object(Config\Paths))
ERROR - 2026-08-11 20:06:48 --> [Microsoft][ODBC Driver 17 for SQL Server][SQL Server]Instrucción INSERT en conflicto con la restricción FOREIGN KEY 'FK__Usuario__id_pers__48CFD27E'. El conflicto ha aparecido en la base de datos 'NewFitnessSystems2', tabla 'dbo.Persona', column 'id_persona'. SQLSTATE: 23000, code: 547
[Microsoft][ODBC Driver 17 for SQL Server][SQL Server]Se terminó la instrucción. SQLSTATE: 01000, code: 3621
in SYSTEMPATH\Database\BaseConnection.php on line 910.
 1 SYSTEMPATH\Database\BaseConnection.php(827): CodeIgniter\Database\BaseConnection->simpleQuery('INSERT INTO "NewFitnessSystems2"."dbo"."Usuario" ("nombre_usuario","contraseña","id_persona") VALUES (\'profe2\', \'$2y$10$UCQgacwX/OhTD7tfgd2gHOTZwVQ8WgZj.AHdJZ/nQFB594Jy7cYH6\', 0)')
 2 SYSTEMPATH\Database\BaseBuilder.php(2345): CodeIgniter\Database\BaseConnection->query('INSERT INTO "NewFitnessSystems2"."dbo"."Usuario" ("nombre_usuario","contraseña","id_persona") VALUES (:nombre_usuario:, :contraseña:, :id_persona:)', [...], false)
 3 SYSTEMPATH\Model.php(355): CodeIgniter\Database\BaseBuilder->insert()
 4 SYSTEMPATH\BaseModel.php(899): CodeIgniter\Model->doInsert([...])
 5 SYSTEMPATH\Model.php(668): CodeIgniter\BaseModel->insert([...], true)
 6 APPPATH\Controllers\ClienteController.php(182): CodeIgniter\Model->insert([...])
 7 SYSTEMPATH\CodeIgniter.php(951): App\Controllers\ClienteController->nuevoProfesor()
 8 SYSTEMPATH\CodeIgniter.php(497): CodeIgniter\CodeIgniter->runController(Object(App\Controllers\ClienteController))
 9 SYSTEMPATH\CodeIgniter.php(340): CodeIgniter\CodeIgniter->handleRequest(null, Object(Config\Cache), false)
10 SYSTEMPATH\Boot.php(417): CodeIgniter\CodeIgniter->run()
11 SYSTEMPATH\Boot.php(68): CodeIgniter\Boot::runCodeIgniter(Object(CodeIgniter\CodeIgniter))
12 FCPATH\index.php(65): CodeIgniter\Boot::bootWeb(Object(Config\Paths))
DEBUG - 2026-08-11 20:06:58 --> Session: Class initialized using 'CodeIgniter\Session\Handlers\FileHandler' driver.
ERROR - 2026-08-11 20:06:58 --> [Microsoft][ODBC Driver 17 for SQL Server][SQL Server]No se puede insertar el valor NULL en la columna 'email', tabla 'NewFitnessSystems2.dbo.Persona'. La columna no admite valores NULL. Error de INSERT. SQLSTATE: 23000, code: 515
[Microsoft][ODBC Driver 17 for SQL Server][SQL Server]Se terminó la instrucción. SQLSTATE: 01000, code: 3621
in SYSTEMPATH\Database\BaseConnection.php on line 910.
 1 SYSTEMPATH\Database\BaseConnection.php(827): CodeIgniter\Database\BaseConnection->simpleQuery('INSERT INTO "NewFitnessSystems2"."dbo"."Persona" ("nombre","apellido","email","telefono","dni","id_rol","baja") VALUES (\'PROFE_X\', \'TEST\', NULL, \'555\', \'88888888\', 2, \'N\')')
 2 SYSTEMPATH\Database\BaseBuilder.php(2345): CodeIgniter\Database\BaseConnection->query('INSERT INTO "NewFitnessSystems2"."dbo"."Persona" ("nombre","apellido","email","telefono","dni","id_rol","baja") VALUES (:nombre:, :apellido:, :email:, :telefono:, :dni:, :id_rol:, :baja:)', [...], false)
 3 SYSTEMPATH\Model.php(355): CodeIgniter\Database\BaseBuilder->insert()
 4 SYSTEMPATH\BaseModel.php(899): CodeIgniter\Model->doInsert([...])
 5 SYSTEMPATH\Model.php(668): CodeIgniter\BaseModel->insert([...], true)
 6 APPPATH\Controllers\ClienteController.php(170): CodeIgniter\Model->insert([...])
 7 SYSTEMPATH\CodeIgniter.php(951): App\Controllers\ClienteController->nuevoProfesor()
 8 SYSTEMPATH\CodeIgniter.php(497): CodeIgniter\CodeIgniter->runController(Object(App\Controllers\ClienteController))
 9 SYSTEMPATH\CodeIgniter.php(340): CodeIgniter\CodeIgniter->handleRequest(null, Object(Config\Cache), false)
10 SYSTEMPATH\Boot.php(417): CodeIgniter\CodeIgniter->run()
11 SYSTEMPATH\Boot.php(68): CodeIgniter\Boot::runCodeIgniter(Object(CodeIgniter\CodeIgniter))
12 FCPATH\index.php(65): CodeIgniter\Boot::bootWeb(Object(Config\Paths))
ERROR - 2026-08-11 20:06:58 --> [Microsoft][ODBC Driver 17 for SQL Server][SQL Server]Instrucción INSERT en conflicto con la restricción FOREIGN KEY 'FK__Usuario__id_pers__48CFD27E'. El conflicto ha aparecido en la base de datos 'NewFitnessSystems2', tabla 'dbo.Persona', column 'id_persona'. SQLSTATE: 23000, code: 547
[Microsoft][ODBC Driver 17 for SQL Server][SQL Server]Se terminó la instrucción. SQLSTATE: 01000, code: 3621
in SYSTEMPATH\Database\BaseConnection.php on line 910.
 1 SYSTEMPATH\Database\BaseConnection.php(827): CodeIgniter\Database\BaseConnection->simpleQuery('INSERT INTO "NewFitnessSystems2"."dbo"."Usuario" ("nombre_usuario","contraseña","id_persona") VALUES (\'profe_x\', \'$2y$10$4DQYPYFOQqQIi/cF0PZ6DeO/H0ErFn4.8E1zB.qltzC/lDXe4CtRO\', 0)')
 2 SYSTEMPATH\Database\BaseBuilder.php(2345): CodeIgniter\Database\BaseConnection->query('INSERT INTO "NewFitnessSystems2"."dbo"."Usuario" ("nombre_usuario","contraseña","id_persona") VALUES (:nombre_usuario:, :contraseña:, :id_persona:)', [...], false)
 3 SYSTEMPATH\Model.php(355): CodeIgniter\Database\BaseBuilder->insert()
 4 SYSTEMPATH\BaseModel.php(899): CodeIgniter\Model->doInsert([...])
 5 SYSTEMPATH\Model.php(668): CodeIgniter\BaseModel->insert([...], true)
 6 APPPATH\Controllers\ClienteController.php(182): CodeIgniter\Model->insert([...])
 7 SYSTEMPATH\CodeIgniter.php(951): App\Controllers\ClienteController->nuevoProfesor()
 8 SYSTEMPATH\CodeIgniter.php(497): CodeIgniter\CodeIgniter->runController(Object(App\Controllers\ClienteController))
 9 SYSTEMPATH\CodeIgniter.php(340): CodeIgniter\CodeIgniter->handleRequest(null, Object(Config\Cache), false)
10 SYSTEMPATH\Boot.php(417): CodeIgniter\CodeIgniter->run()
11 SYSTEMPATH\Boot.php(68): CodeIgniter\Boot::runCodeIgniter(Object(CodeIgniter\CodeIgniter))
12 FCPATH\index.php(65): CodeIgniter\Boot::bootWeb(Object(Config\Paths))
DEBUG - 2026-08-11 20:06:58 --> Session: Class initialized using 'CodeIgniter\Session\Handlers\FileHandler' driver.
ERROR - 2026-08-11 20:06:58 --> [Microsoft][ODBC Driver 17 for SQL Server][SQL Server]No se puede insertar el valor NULL en la columna 'email', tabla 'NewFitnessSystems2.dbo.Persona'. La columna no admite valores NULL. Error de INSERT. SQLSTATE: 23000, code: 515
[Microsoft][ODBC Driver 17 for SQL Server][SQL Server]Se terminó la instrucción. SQLSTATE: 01000, code: 3621
in SYSTEMPATH\Database\BaseConnection.php on line 910.
 1 SYSTEMPATH\Database\BaseConnection.php(827): CodeIgniter\Database\BaseConnection->simpleQuery('INSERT INTO "NewFitnessSystems2"."dbo"."Persona" ("nombre","apellido","email","telefono","dni","id_rol","baja") VALUES (\'PROFE_Y\', \'TEST\', NULL, \'555\', \'88888888\', 2, \'N\')')
 2 SYSTEMPATH\Database\BaseBuilder.php(2345): CodeIgniter\Database\BaseConnection->query('INSERT INTO "NewFitnessSystems2"."dbo"."Persona" ("nombre","apellido","email","telefono","dni","id_rol","baja") VALUES (:nombre:, :apellido:, :email:, :telefono:, :dni:, :id_rol:, :baja:)', [...], false)
 3 SYSTEMPATH\Model.php(355): CodeIgniter\Database\BaseBuilder->insert()
 4 SYSTEMPATH\BaseModel.php(899): CodeIgniter\Model->doInsert([...])
 5 SYSTEMPATH\Model.php(668): CodeIgniter\BaseModel->insert([...], true)
 6 APPPATH\Controllers\ClienteController.php(170): CodeIgniter\Model->insert([...])
 7 SYSTEMPATH\CodeIgniter.php(951): App\Controllers\ClienteController->nuevoProfesor()
 8 SYSTEMPATH\CodeIgniter.php(497): CodeIgniter\CodeIgniter->runController(Object(App\Controllers\ClienteController))
 9 SYSTEMPATH\CodeIgniter.php(340): CodeIgniter\CodeIgniter->handleRequest(null, Object(Config\Cache), false)
10 SYSTEMPATH\Boot.php(417): CodeIgniter\CodeIgniter->run()
11 SYSTEMPATH\Boot.php(68): CodeIgniter\Boot::runCodeIgniter(Object(CodeIgniter\CodeIgniter))
12 FCPATH\index.php(65): CodeIgniter\Boot::bootWeb(Object(Config\Paths))
ERROR - 2026-08-11 20:06:58 --> [Microsoft][ODBC Driver 17 for SQL Server][SQL Server]Instrucción INSERT en conflicto con la restricción FOREIGN KEY 'FK__Usuario__id_pers__48CFD27E'. El conflicto ha aparecido en la base de datos 'NewFitnessSystems2', tabla 'dbo.Persona', column 'id_persona'. SQLSTATE: 23000, code: 547
[Microsoft][ODBC Driver 17 for SQL Server][SQL Server]Se terminó la instrucción. SQLSTATE: 01000, code: 3621
in SYSTEMPATH\Database\BaseConnection.php on line 910.
 1 SYSTEMPATH\Database\BaseConnection.php(827): CodeIgniter\Database\BaseConnection->simpleQuery('INSERT INTO "NewFitnessSystems2"."dbo"."Usuario" ("nombre_usuario","contraseña","id_persona") VALUES (\'profe_y\', \'$2y$10$Ll/YGw4hmiTE3ddcciy.guZxp5w2OBEQsyOAg.wpAmPKpNWokUM62\', 0)')
 2 SYSTEMPATH\Database\BaseBuilder.php(2345): CodeIgniter\Database\BaseConnection->query('INSERT INTO "NewFitnessSystems2"."dbo"."Usuario" ("nombre_usuario","contraseña","id_persona") VALUES (:nombre_usuario:, :contraseña:, :id_persona:)', [...], false)
 3 SYSTEMPATH\Model.php(355): CodeIgniter\Database\BaseBuilder->insert()
 4 SYSTEMPATH\BaseModel.php(899): CodeIgniter\Model->doInsert([...])
 5 SYSTEMPATH\Model.php(668): CodeIgniter\BaseModel->insert([...], true)
 6 APPPATH\Controllers\ClienteController.php(182): CodeIgniter\Model->insert([...])
 7 SYSTEMPATH\CodeIgniter.php(951): App\Controllers\ClienteController->nuevoProfesor()
 8 SYSTEMPATH\CodeIgniter.php(497): CodeIgniter\CodeIgniter->runController(Object(App\Controllers\ClienteController))
 9 SYSTEMPATH\CodeIgniter.php(340): CodeIgniter\CodeIgniter->handleRequest(null, Object(Config\Cache), false)
10 SYSTEMPATH\Boot.php(417): CodeIgniter\CodeIgniter->run()
11 SYSTEMPATH\Boot.php(68): CodeIgniter\Boot::runCodeIgniter(Object(CodeIgniter\CodeIgniter))
12 FCPATH\index.php(65): CodeIgniter\Boot::bootWeb(Object(Config\Paths))
DEBUG - 2026-08-11 20:06:58 --> Session: Class initialized using 'CodeIgniter\Session\Handlers\FileHandler' driver.
DEBUG - 2026-08-11 20:07:26 --> Session: Class initialized using 'CodeIgniter\Session\Handlers\FileHandler' driver.
DEBUG - 2026-08-11 20:07:38 --> Session: Class initialized using 'CodeIgniter\Session\Handlers\FileHandler' driver.
DEBUG - 2026-08-11 20:07:44 --> Session: Class initialized using 'CodeIgniter\Session\Handlers\FileHandler' driver.
DEBUG - 2026-08-11 20:09:12 --> Session: Class initialized using 'CodeIgniter\Session\Handlers\FileHandler' driver.
DEBUG - 2026-08-11 20:09:12 --> Session: Class initialized using 'CodeIgniter\Session\Handlers\FileHandler' driver.
ERROR - 2026-08-11 20:09:12 --> [Microsoft][ODBC Driver 17 for SQL Server][SQL Server]No se puede insertar el valor NULL en la columna 'email', tabla 'NewFitnessSystems2.dbo.Persona'. La columna no admite valores NULL. Error de INSERT. SQLSTATE: 23000, code: 515
[Microsoft][ODBC Driver 17 for SQL Server][SQL Server]Se terminó la instrucción. SQLSTATE: 01000, code: 3621
in SYSTEMPATH\Database\BaseConnection.php on line 910.
 1 SYSTEMPATH\Database\BaseConnection.php(827): CodeIgniter\Database\BaseConnection->simpleQuery('INSERT INTO "NewFitnessSystems2"."dbo"."Persona" ("nombre","apellido","email","telefono","dni","id_rol","baja") VALUES (\'PROFE_A\', \'TEST\', NULL, \'555\', \'77777777\', 2, \'N\')')
 2 SYSTEMPATH\Database\BaseBuilder.php(2345): CodeIgniter\Database\BaseConnection->query('INSERT INTO "NewFitnessSystems2"."dbo"."Persona" ("nombre","apellido","email","telefono","dni","id_rol","baja") VALUES (:nombre:, :apellido:, :email:, :telefono:, :dni:, :id_rol:, :baja:)', [...], false)
 3 SYSTEMPATH\Model.php(355): CodeIgniter\Database\BaseBuilder->insert()
 4 SYSTEMPATH\BaseModel.php(899): CodeIgniter\Model->doInsert([...])
 5 SYSTEMPATH\Model.php(668): CodeIgniter\BaseModel->insert([...], true)
 6 APPPATH\Controllers\ClienteController.php(170): CodeIgniter\Model->insert([...])
 7 SYSTEMPATH\CodeIgniter.php(951): App\Controllers\ClienteController->nuevoProfesor()
 8 SYSTEMPATH\CodeIgniter.php(497): CodeIgniter\CodeIgniter->runController(Object(App\Controllers\ClienteController))
 9 SYSTEMPATH\CodeIgniter.php(340): CodeIgniter\CodeIgniter->handleRequest(null, Object(Config\Cache), false)
10 SYSTEMPATH\Boot.php(417): CodeIgniter\CodeIgniter->run()
11 SYSTEMPATH\Boot.php(68): CodeIgniter\Boot::runCodeIgniter(Object(CodeIgniter\CodeIgniter))
12 FCPATH\index.php(65): CodeIgniter\Boot::bootWeb(Object(Config\Paths))
ERROR - 2026-08-11 20:09:12 --> [Microsoft][ODBC Driver 17 for SQL Server][SQL Server]Instrucción INSERT en conflicto con la restricción FOREIGN KEY 'FK__Usuario__id_pers__48CFD27E'. El conflicto ha aparecido en la base de datos 'NewFitnessSystems2', tabla 'dbo.Persona', column 'id_persona'. SQLSTATE: 23000, code: 547
[Microsoft][ODBC Driver 17 for SQL Server][SQL Server]Se terminó la instrucción. SQLSTATE: 01000, code: 3621
in SYSTEMPATH\Database\BaseConnection.php on line 910.
 1 SYSTEMPATH\Database\BaseConnection.php(827): CodeIgniter\Database\BaseConnection->simpleQuery('INSERT INTO "NewFitnessSystems2"."dbo"."Usuario" ("nombre_usuario","contraseña","id_persona") VALUES (\'profe_a\', \'$2y$10$RylE.vTktSYU1OI/GUf9cu1n6C2WiukGCiA1PJjylSOfBvoFelwGO\', 0)')
 2 SYSTEMPATH\Database\BaseBuilder.php(2345): CodeIgniter\Database\BaseConnection->query('INSERT INTO "NewFitnessSystems2"."dbo"."Usuario" ("nombre_usuario","contraseña","id_persona") VALUES (:nombre_usuario:, :contraseña:, :id_persona:)', [...], false)
 3 SYSTEMPATH\Model.php(355): CodeIgniter\Database\BaseBuilder->insert()
 4 SYSTEMPATH\BaseModel.php(899): CodeIgniter\Model->doInsert([...])
 5 SYSTEMPATH\Model.php(668): CodeIgniter\BaseModel->insert([...], true)
 6 APPPATH\Controllers\ClienteController.php(182): CodeIgniter\Model->insert([...])
 7 SYSTEMPATH\CodeIgniter.php(951): App\Controllers\ClienteController->nuevoProfesor()
 8 SYSTEMPATH\CodeIgniter.php(497): CodeIgniter\CodeIgniter->runController(Object(App\Controllers\ClienteController))
 9 SYSTEMPATH\CodeIgniter.php(340): CodeIgniter\CodeIgniter->handleRequest(null, Object(Config\Cache), false)
10 SYSTEMPATH\Boot.php(417): CodeIgniter\CodeIgniter->run()
11 SYSTEMPATH\Boot.php(68): CodeIgniter\Boot::runCodeIgniter(Object(CodeIgniter\CodeIgniter))
12 FCPATH\index.php(65): CodeIgniter\Boot::bootWeb(Object(Config\Paths))
DEBUG - 2026-08-11 20:09:45 --> Session: Class initialized using 'CodeIgniter\Session\Handlers\FileHandler' driver.
DEBUG - 2026-08-11 20:09:45 --> Session: Class initialized using 'CodeIgniter\Session\Handlers\FileHandler' driver.
DEBUG - 2026-08-11 20:09:49 --> Session: Class initialized using 'CodeIgniter\Session\Handlers\FileHandler' driver.
DEBUG - 2026-08-11 20:09:49 --> Session: Class initialized using 'CodeIgniter\Session\Handlers\FileHandler' driver.
DEBUG - 2026-08-11 20:09:49 --> Session: Class initialized using 'CodeIgniter\Session\Handlers\FileHandler' driver.
DEBUG - 2026-08-11 20:09:49 --> Session: Class initialized using 'CodeIgniter\Session\Handlers\FileHandler' driver.
DEBUG - 2026-08-11 20:09:55 --> Session: Class initialized using 'CodeIgniter\Session\Handlers\FileHandler' driver.
DEBUG - 2026-08-11 20:11:10 --> Session: Class initialized using 'CodeIgniter\Session\Handlers\FileHandler' driver.
DEBUG - 2026-08-11 20:11:10 --> Session: Class initialized using 'CodeIgniter\Session\Handlers\FileHandler' driver.
DEBUG - 2026-08-11 20:11:18 --> Session: Class initialized using 'CodeIgniter\Session\Handlers\FileHandler' driver.
DEBUG - 2026-08-11 20:11:19 --> Session: Class initialized using 'CodeIgniter\Session\Handlers\FileHandler' driver.
DEBUG - 2026-08-11 20:14:47 --> Session: Class initialized using 'CodeIgniter\Session\Handlers\FileHandler' driver.
DEBUG - 2026-08-11 20:14:56 --> Session: Class initialized using 'CodeIgniter\Session\Handlers\FileHandler' driver.
DEBUG - 2026-08-11 20:15:02 --> Session: Class initialized using 'CodeIgniter\Session\Handlers\FileHandler' driver.
DEBUG - 2026-08-11 20:15:13 --> Session: Class initialized using 'CodeIgniter\Session\Handlers\FileHandler' driver.
DEBUG - 2026-08-11 20:15:22 --> Session: Class initialized using 'CodeIgniter\Session\Handlers\FileHandler' driver.
DEBUG - 2026-08-11 20:15:25 --> Session: Class initialized using 'CodeIgniter\Session\Handlers\FileHandler' driver.
DEBUG - 2026-08-11 20:15:35 --> Session: Class initialized using 'CodeIgniter\Session\Handlers\FileHandler' driver.
DEBUG - 2026-08-11 20:15:45 --> Session: Class initialized using 'CodeIgniter\Session\Handlers\FileHandler' driver.
DEBUG - 2026-08-11 20:16:17 --> Session: Class initialized using 'CodeIgniter\Session\Handlers\FileHandler' driver.
DEBUG - 2026-08-11 20:16:22 --> Session: Class initialized using 'CodeIgniter\Session\Handlers\FileHandler' driver.
DEBUG - 2026-08-11 20:16:31 --> Session: Class initialized using 'CodeIgniter\Session\Handlers\FileHandler' driver.
DEBUG - 2026-08-11 20:16:51 --> Session: Class initialized using 'CodeIgniter\Session\Handlers\FileHandler' driver.
DEBUG - 2026-08-11 20:16:54 --> Session: Class initialized using 'CodeIgniter\Session\Handlers\FileHandler' driver.
DEBUG - 2026-08-11 20:17:27 --> Session: Class initialized using 'CodeIgniter\Session\Handlers\FileHandler' driver.
DEBUG - 2026-08-11 20:17:29 --> Session: Class initialized using 'CodeIgniter\Session\Handlers\FileHandler' driver.
DEBUG - 2026-08-11 20:17:30 --> Session: Class initialized using 'CodeIgniter\Session\Handlers\FileHandler' driver.
DEBUG - 2026-08-11 20:17:31 --> Session: Class initialized using 'CodeIgniter\Session\Handlers\FileHandler' driver.
DEBUG - 2026-08-11 20:17:33 --> Session: Class initialized using 'CodeIgniter\Session\Handlers\FileHandler' driver.
DEBUG - 2026-08-11 20:17:37 --> Session: Class initialized using 'CodeIgniter\Session\Handlers\FileHandler' driver.
DEBUG - 2026-08-11 20:17:40 --> Session: Class initialized using 'CodeIgniter\Session\Handlers\FileHandler' driver.
DEBUG - 2026-08-11 20:17:43 --> Session: Class initialized using 'CodeIgniter\Session\Handlers\FileHandler' driver.
DEBUG - 2026-08-11 20:17:44 --> Session: Class initialized using 'CodeIgniter\Session\Handlers\FileHandler' driver.
DEBUG - 2026-08-11 20:17:46 --> Session: Class initialized using 'CodeIgniter\Session\Handlers\FileHandler' driver.
DEBUG - 2026-08-11 20:18:08 --> Session: Class initialized using 'CodeIgniter\Session\Handlers\FileHandler' driver.
DEBUG - 2026-08-11 20:18:08 --> Session: Class initialized using 'CodeIgniter\Session\Handlers\FileHandler' driver.
DEBUG - 2026-08-11 20:18:13 --> Session: Class initialized using 'CodeIgniter\Session\Handlers\FileHandler' driver.
DEBUG - 2026-08-11 20:18:19 --> Session: Class initialized using 'CodeIgniter\Session\Handlers\FileHandler' driver.
DEBUG - 2026-08-11 20:18:23 --> Session: Class initialized using 'CodeIgniter\Session\Handlers\FileHandler' driver.
DEBUG - 2026-08-11 20:19:16 --> Session: Class initialized using 'CodeIgniter\Session\Handlers\FileHandler' driver.
DEBUG - 2026-08-11 20:19:18 --> Session: Class initialized using 'CodeIgniter\Session\Handlers\FileHandler' driver.
DEBUG - 2026-08-11 20:20:06 --> Session: Class initialized using 'CodeIgniter\Session\Handlers\FileHandler' driver.
DEBUG - 2026-08-11 20:21:03 --> Session: Class initialized using 'CodeIgniter\Session\Handlers\FileHandler' driver.
DEBUG - 2026-08-11 20:21:03 --> Session: Class initialized using 'CodeIgniter\Session\Handlers\FileHandler' driver.
DEBUG - 2026-08-11 20:21:07 --> Session: Class initialized using 'CodeIgniter\Session\Handlers\FileHandler' driver.
DEBUG - 2026-08-11 20:21:07 --> Session: Class initialized using 'CodeIgniter\Session\Handlers\FileHandler' driver.
DEBUG - 2026-08-11 20:21:07 --> Session: Class initialized using 'CodeIgniter\Session\Handlers\FileHandler' driver.
DEBUG - 2026-08-11 20:21:19 --> Session: Class initialized using 'CodeIgniter\Session\Handlers\FileHandler' driver.
DEBUG - 2026-08-11 20:21:22 --> Session: Class initialized using 'CodeIgniter\Session\Handlers\FileHandler' driver.
DEBUG - 2026-08-11 20:23:22 --> Session: Class initialized using 'CodeIgniter\Session\Handlers\FileHandler' driver.
DEBUG - 2026-08-11 20:23:26 --> Session: Class initialized using 'CodeIgniter\Session\Handlers\FileHandler' driver.
DEBUG - 2026-08-11 20:23:27 --> Session: Class initialized using 'CodeIgniter\Session\Handlers\FileHandler' driver.
DEBUG - 2026-08-11 20:24:47 --> Session: Class initialized using 'CodeIgniter\Session\Handlers\FileHandler' driver.
DEBUG - 2026-08-11 20:24:49 --> Session: Class initialized using 'CodeIgniter\Session\Handlers\FileHandler' driver.
DEBUG - 2026-08-11 20:24:55 --> Session: Class initialized using 'CodeIgniter\Session\Handlers\FileHandler' driver.
DEBUG - 2026-08-11 20:24:57 --> Session: Class initialized using 'CodeIgniter\Session\Handlers\FileHandler' driver.
DEBUG - 2026-08-11 20:24:57 --> Session: Class initialized using 'CodeIgniter\Session\Handlers\FileHandler' driver.
DEBUG - 2026-08-11 20:24:59 --> Session: Class initialized using 'CodeIgniter\Session\Handlers\FileHandler' driver.
DEBUG - 2026-08-11 20:25:02 --> Session: Class initialized using 'CodeIgniter\Session\Handlers\FileHandler' driver.
DEBUG - 2026-08-11 20:26:01 --> Session: Class initialized using 'CodeIgniter\Session\Handlers\FileHandler' driver.
DEBUG - 2026-08-11 20:26:03 --> Session: Class initialized using 'CodeIgniter\Session\Handlers\FileHandler' driver.
DEBUG - 2026-08-11 20:26:06 --> Session: Class initialized using 'CodeIgniter\Session\Handlers\FileHandler' driver.
DEBUG - 2026-08-11 20:26:06 --> Session: Class initialized using 'CodeIgniter\Session\Handlers\FileHandler' driver.
DEBUG - 2026-08-11 20:27:25 --> Session: Class initialized using 'CodeIgniter\Session\Handlers\FileHandler' driver.
DEBUG - 2026-08-11 20:27:36 --> Session: Class initialized using 'CodeIgniter\Session\Handlers\FileHandler' driver.
DEBUG - 2026-08-11 20:27:50 --> Session: Class initialized using 'CodeIgniter\Session\Handlers\FileHandler' driver.
DEBUG - 2026-08-11 20:27:56 --> Session: Class initialized using 'CodeIgniter\Session\Handlers\FileHandler' driver.
DEBUG - 2026-08-11 20:28:03 --> Session: Class initialized using 'CodeIgniter\Session\Handlers\FileHandler' driver.
DEBUG - 2026-08-11 20:28:03 --> Session: Class initialized using 'CodeIgniter\Session\Handlers\FileHandler' driver.
DEBUG - 2026-08-11 20:28:04 --> Session: Class initialized using 'CodeIgniter\Session\Handlers\FileHandler' driver.
DEBUG - 2026-08-11 20:28:18 --> Session: Class initialized using 'CodeIgniter\Session\Handlers\FileHandler' driver.
DEBUG - 2026-08-11 20:28:18 --> Session: Class initialized using 'CodeIgniter\Session\Handlers\FileHandler' driver.
DEBUG - 2026-08-11 20:28:19 --> Session: Class initialized using 'CodeIgniter\Session\Handlers\FileHandler' driver.
DEBUG - 2026-08-11 20:28:28 --> Session: Class initialized using 'CodeIgniter\Session\Handlers\FileHandler' driver.
DEBUG - 2026-08-11 20:28:28 --> Session: Class initialized using 'CodeIgniter\Session\Handlers\FileHandler' driver.
DEBUG - 2026-08-11 20:28:29 --> Session: Class initialized using 'CodeIgniter\Session\Handlers\FileHandler' driver.
DEBUG - 2026-08-11 20:28:35 --> Session: Class initialized using 'CodeIgniter\Session\Handlers\FileHandler' driver.
DEBUG - 2026-08-11 20:28:37 --> Session: Class initialized using 'CodeIgniter\Session\Handlers\FileHandler' driver.
DEBUG - 2026-08-11 20:28:40 --> Session: Class initialized using 'CodeIgniter\Session\Handlers\FileHandler' driver.
DEBUG - 2026-08-11 20:28:41 --> Session: Class initialized using 'CodeIgniter\Session\Handlers\FileHandler' driver.
DEBUG - 2026-08-11 20:28:42 --> Session: Class initialized using 'CodeIgniter\Session\Handlers\FileHandler' driver.
DEBUG - 2026-08-11 20:28:57 --> Session: Class initialized using 'CodeIgniter\Session\Handlers\FileHandler' driver.
DEBUG - 2026-08-11 20:28:57 --> Session: Class initialized using 'CodeIgniter\Session\Handlers\FileHandler' driver.
DEBUG - 2026-08-11 20:28:58 --> Session: Class initialized using 'CodeIgniter\Session\Handlers\FileHandler' driver.
DEBUG - 2026-08-11 20:28:58 --> Session: Class initialized using 'CodeIgniter\Session\Handlers\FileHandler' driver.
DEBUG - 2026-08-11 20:29:06 --> Session: Class initialized using 'CodeIgniter\Session\Handlers\FileHandler' driver.
DEBUG - 2026-08-11 20:29:07 --> Session: Class initialized using 'CodeIgniter\Session\Handlers\FileHandler' driver.
DEBUG - 2026-08-11 20:29:08 --> Session: Class initialized using 'CodeIgniter\Session\Handlers\FileHandler' driver.
DEBUG - 2026-08-11 20:29:21 --> Session: Class initialized using 'CodeIgniter\Session\Handlers\FileHandler' driver.
DEBUG - 2026-08-11 20:29:21 --> Session: Class initialized using 'CodeIgniter\Session\Handlers\FileHandler' driver.
DEBUG - 2026-08-11 20:29:30 --> Session: Class initialized using 'CodeIgniter\Session\Handlers\FileHandler' driver.
DEBUG - 2026-08-11 20:29:38 --> Session: Class initialized using 'CodeIgniter\Session\Handlers\FileHandler' driver.
DEBUG - 2026-08-11 20:35:34 --> Session: Class initialized using 'CodeIgniter\Session\Handlers\FileHandler' driver.
DEBUG - 2026-08-11 20:37:08 --> Session: Class initialized using 'CodeIgniter\Session\Handlers\FileHandler' driver.
DEBUG - 2026-08-11 20:37:53 --> Session: Class initialized using 'CodeIgniter\Session\Handlers\FileHandler' driver.
DEBUG - 2026-08-11 20:38:11 --> Session: Class initialized using 'CodeIgniter\Session\Handlers\FileHandler' driver.
DEBUG - 2026-08-11 20:39:31 --> Session: Class initialized using 'CodeIgniter\Session\Handlers\FileHandler' driver.
DEBUG - 2026-08-11 20:39:43 --> Session: Class initialized using 'CodeIgniter\Session\Handlers\FileHandler' driver.
DEBUG - 2026-08-11 20:39:48 --> Session: Class initialized using 'CodeIgniter\Session\Handlers\FileHandler' driver.
DEBUG - 2026-08-11 20:39:51 --> Session: Class initialized using 'CodeIgniter\Session\Handlers\FileHandler' driver.
DEBUG - 2026-08-11 20:39:54 --> Session: Class initialized using 'CodeIgniter\Session\Handlers\FileHandler' driver.
DEBUG - 2026-08-11 20:39:56 --> Session: Class initialized using 'CodeIgniter\Session\Handlers\FileHandler' driver.
DEBUG - 2026-08-11 20:39:58 --> Session: Class initialized using 'CodeIgniter\Session\Handlers\FileHandler' driver.
DEBUG - 2026-08-11 20:39:59 --> Session: Class initialized using 'CodeIgniter\Session\Handlers\FileHandler' driver.
DEBUG - 2026-08-11 20:42:56 --> Session: Class initialized using 'CodeIgniter\Session\Handlers\FileHandler' driver.
DEBUG - 2026-08-11 20:42:56 --> Session: Class initialized using 'CodeIgniter\Session\Handlers\FileHandler' driver.
DEBUG - 2026-08-11 20:43:48 --> Session: Class initialized using 'CodeIgniter\Session\Handlers\FileHandler' driver.
DEBUG - 2026-08-11 20:45:12 --> Session: Class initialized using 'CodeIgniter\Session\Handlers\FileHandler' driver.
DEBUG - 2026-08-11 20:45:15 --> Session: Class initialized using 'CodeIgniter\Session\Handlers\FileHandler' driver.
DEBUG - 2026-08-11 20:45:26 --> Session: Class initialized using 'CodeIgniter\Session\Handlers\FileHandler' driver.
