DEBUG - 2026-05-26 00:32:38 --> Session: Class initialized using 'CodeIgniter\Session\Handlers\FileHandler' driver.
DEBUG - 2026-05-26 00:32:55 --> Session: Class initialized using 'CodeIgniter\Session\Handlers\FileHandler' driver.
DEBUG - 2026-05-26 00:33:15 --> Session: Class initialized using 'CodeIgniter\Session\Handlers\FileHandler' driver.
DEBUG - 2026-05-26 00:33:17 --> Session: Class initialized using 'CodeIgniter\Session\Handlers\FileHandler' driver.
DEBUG - 2026-05-26 00:34:03 --> Session: Class initialized using 'CodeIgniter\Session\Handlers\FileHandler' driver.
ERROR - 2026-05-26 00:34:04 --> [Microsoft][ODBC Driver 17 for SQL Server][SQL Server]El nombre de columna 'id_rol' no es válido. SQLSTATE: 42S22, code: 207
in SYSTEMPATH\Database\BaseConnection.php on line 910.
 1 SYSTEMPATH\Database\BaseConnection.php(827): CodeIgniter\Database\BaseConnection->simpleQuery('SELECT "Usuario"."id_usuario", "Usuario"."nombre_usuario", "Usuario"."contraseña", "Usuario"."id_rol", "Usuario"."id_persona", "Usuario"."baja", "Rol"."descripcion" AS "rol", "Datos_personales"."nombre", "Datos_personales"."apellido", "Datos_personales"."email", "Datos_personales"."telefono", "Datos_personales"."dni"
FROM "NewFitnessSystems2"."dbo"."Usuario"
JOIN "NewFitnessSystems2"."dbo"."Rol" ON "Rol"."id_rol" = "Usuario"."id_rol"
JOIN "NewFitnessSystems2"."dbo"."Datos_personales" ON "Datos_personales"."id_persona" = "Usuario"."id_persona"
WHERE "Persona"."email" = \'luciana_fl@gmail.com\'
 ORDER BY (SELECT NULL)  OFFSET 0  ROWS FETCH NEXT 1 ROWS ONLY ')
 2 SYSTEMPATH\Database\SQLSRV\Builder.php(656): CodeIgniter\Database\BaseConnection->query('SELECT "Usuario"."id_usuario", "Usuario"."nombre_usuario", "Usuario"."contraseña", "Usuario"."id_rol", "Usuario"."id_persona", "Usuario"."baja", "Rol"."descripcion" AS "rol", "Datos_personales"."nombre", "Datos_personales"."apellido", "Datos_personales"."email", "Datos_personales"."telefono", "Datos_personales"."dni"
FROM "NewFitnessSystems2"."dbo"."Usuario"
JOIN "NewFitnessSystems2"."dbo"."Rol" ON "Rol"."id_rol" = "Usuario"."id_rol"
JOIN "NewFitnessSystems2"."dbo"."Datos_personales" ON "Datos_personales"."id_persona" = "Usuario"."id_persona"
WHERE "Persona"."email" = :Persona.email:
 ORDER BY (SELECT NULL)  OFFSET 0  ROWS FETCH NEXT 1 ROWS ONLY ', [...], false)
 3 SYSTEMPATH\Model.php(295): CodeIgniter\Database\SQLSRV\Builder->get()
 4 SYSTEMPATH\BaseModel.php(714): CodeIgniter\Model->doFirst()
 5 APPPATH\Models\UsuarioModel.php(82): CodeIgniter\BaseModel->first()
 6 APPPATH\Controllers\UsuarioController.php(28): App\Models\UsuarioModel->getUsuarioPorEmail('luciana_fl@gmail.com')
 7 SYSTEMPATH\CodeIgniter.php(951): App\Controllers\UsuarioController->auth()
 8 SYSTEMPATH\CodeIgniter.php(497): CodeIgniter\CodeIgniter->runController(Object(App\Controllers\UsuarioController))
 9 SYSTEMPATH\CodeIgniter.php(340): CodeIgniter\CodeIgniter->handleRequest(null, Object(Config\Cache), false)
10 SYSTEMPATH\Boot.php(417): CodeIgniter\CodeIgniter->run()
11 SYSTEMPATH\Boot.php(68): CodeIgniter\Boot::runCodeIgniter(Object(CodeIgniter\CodeIgniter))
12 FCPATH\index.php(65): CodeIgniter\Boot::bootWeb(Object(Config\Paths))
CRITICAL - 2026-05-26 00:34:04 --> CodeIgniter\Database\Exceptions\DatabaseException: [Microsoft][ODBC Driver 17 for SQL Server][SQL Server]El nombre de columna 'id_rol' no es válido. SQLSTATE: 42S22, code: 207
[Method: POST, Route: enviarlogin]
in SYSTEMPATH\Database\BaseConnection.php on line 865.
 1 SYSTEMPATH\Database\SQLSRV\Builder.php(656): CodeIgniter\Database\BaseConnection->query('SELECT "Usuario"."id_usuario", "Usuario"."nombre_usuario", "Usuario"."contraseña", "Usuario"."id_rol", "Usuario"."id_persona", "Usuario"."baja", "Rol"."descripcion" AS "rol", "Datos_personales"."nombre", "Datos_personales"."apellido", "Datos_personales"."email", "Datos_personales"."telefono", "Datos_personales"."dni"
FROM "NewFitnessSystems2"."dbo"."Usuario"
JOIN "NewFitnessSystems2"."dbo"."Rol" ON "Rol"."id_rol" = "Usuario"."id_rol"
JOIN "NewFitnessSystems2"."dbo"."Datos_personales" ON "Datos_personales"."id_persona" = "Usuario"."id_persona"
WHERE "Persona"."email" = :Persona.email:
 ORDER BY (SELECT NULL)  OFFSET 0  ROWS FETCH NEXT 1 ROWS ONLY ', [...], false)
 2 SYSTEMPATH\Model.php(295): CodeIgniter\Database\SQLSRV\Builder->get()
 3 SYSTEMPATH\BaseModel.php(714): CodeIgniter\Model->doFirst()
 4 APPPATH\Models\UsuarioModel.php(82): CodeIgniter\BaseModel->first()
 5 APPPATH\Controllers\UsuarioController.php(28): App\Models\UsuarioModel->getUsuarioPorEmail('luciana_fl@gmail.com')
 6 SYSTEMPATH\CodeIgniter.php(951): App\Controllers\UsuarioController->auth()
 7 SYSTEMPATH\CodeIgniter.php(497): CodeIgniter\CodeIgniter->runController(Object(App\Controllers\UsuarioController))
 8 SYSTEMPATH\CodeIgniter.php(340): CodeIgniter\CodeIgniter->handleRequest(null, Object(Config\Cache), false)
 9 SYSTEMPATH\Boot.php(417): CodeIgniter\CodeIgniter->run()
10 SYSTEMPATH\Boot.php(68): CodeIgniter\Boot::runCodeIgniter(Object(CodeIgniter\CodeIgniter))
11 FCPATH\index.php(65): CodeIgniter\Boot::bootWeb(Object(Config\Paths))
CRITICAL - 2026-05-26 00:34:04 --> [Caused by] CodeIgniter\Database\Exceptions\DatabaseException: [Microsoft][ODBC Driver 17 for SQL Server][SQL Server]El nombre de columna 'id_rol' no es válido. SQLSTATE: 42S22, code: 207
in SYSTEMPATH\Database\SQLSRV\Connection.php on line 533.
 1 SYSTEMPATH\Database\BaseConnection.php(910): CodeIgniter\Database\SQLSRV\Connection->execute('SELECT "Usuario"."id_usuario", "Usuario"."nombre_usuario", "Usuario"."contraseña", "Usuario"."id_rol", "Usuario"."id_persona", "Usuario"."baja", "Rol"."descripcion" AS "rol", "Datos_personales"."nombre", "Datos_personales"."apellido", "Datos_personales"."email", "Datos_personales"."telefono", "Datos_personales"."dni"
FROM "NewFitnessSystems2"."dbo"."Usuario"
JOIN "NewFitnessSystems2"."dbo"."Rol" ON "Rol"."id_rol" = "Usuario"."id_rol"
JOIN "NewFitnessSystems2"."dbo"."Datos_personales" ON "Datos_personales"."id_persona" = "Usuario"."id_persona"
WHERE "Persona"."email" = \'luciana_fl@gmail.com\'
 ORDER BY (SELECT NULL)  OFFSET 0  ROWS FETCH NEXT 1 ROWS ONLY ')
 2 SYSTEMPATH\Database\BaseConnection.php(827): CodeIgniter\Database\BaseConnection->simpleQuery('SELECT "Usuario"."id_usuario", "Usuario"."nombre_usuario", "Usuario"."contraseña", "Usuario"."id_rol", "Usuario"."id_persona", "Usuario"."baja", "Rol"."descripcion" AS "rol", "Datos_personales"."nombre", "Datos_personales"."apellido", "Datos_personales"."email", "Datos_personales"."telefono", "Datos_personales"."dni"
FROM "NewFitnessSystems2"."dbo"."Usuario"
JOIN "NewFitnessSystems2"."dbo"."Rol" ON "Rol"."id_rol" = "Usuario"."id_rol"
JOIN "NewFitnessSystems2"."dbo"."Datos_personales" ON "Datos_personales"."id_persona" = "Usuario"."id_persona"
WHERE "Persona"."email" = \'luciana_fl@gmail.com\'
 ORDER BY (SELECT NULL)  OFFSET 0  ROWS FETCH NEXT 1 ROWS ONLY ')
 3 SYSTEMPATH\Database\SQLSRV\Builder.php(656): CodeIgniter\Database\BaseConnection->query('SELECT "Usuario"."id_usuario", "Usuario"."nombre_usuario", "Usuario"."contraseña", "Usuario"."id_rol", "Usuario"."id_persona", "Usuario"."baja", "Rol"."descripcion" AS "rol", "Datos_personales"."nombre", "Datos_personales"."apellido", "Datos_personales"."email", "Datos_personales"."telefono", "Datos_personales"."dni"
FROM "NewFitnessSystems2"."dbo"."Usuario"
JOIN "NewFitnessSystems2"."dbo"."Rol" ON "Rol"."id_rol" = "Usuario"."id_rol"
JOIN "NewFitnessSystems2"."dbo"."Datos_personales" ON "Datos_personales"."id_persona" = "Usuario"."id_persona"
WHERE "Persona"."email" = :Persona.email:
 ORDER BY (SELECT NULL)  OFFSET 0  ROWS FETCH NEXT 1 ROWS ONLY ', [...], false)
 4 SYSTEMPATH\Model.php(295): CodeIgniter\Database\SQLSRV\Builder->get()
 5 SYSTEMPATH\BaseModel.php(714): CodeIgniter\Model->doFirst()
 6 APPPATH\Models\UsuarioModel.php(82): CodeIgniter\BaseModel->first()
 7 APPPATH\Controllers\UsuarioController.php(28): App\Models\UsuarioModel->getUsuarioPorEmail('luciana_fl@gmail.com')
 8 SYSTEMPATH\CodeIgniter.php(951): App\Controllers\UsuarioController->auth()
 9 SYSTEMPATH\CodeIgniter.php(497): CodeIgniter\CodeIgniter->runController(Object(App\Controllers\UsuarioController))
10 SYSTEMPATH\CodeIgniter.php(340): CodeIgniter\CodeIgniter->handleRequest(null, Object(Config\Cache), false)
11 SYSTEMPATH\Boot.php(417): CodeIgniter\CodeIgniter->run()
12 SYSTEMPATH\Boot.php(68): CodeIgniter\Boot::runCodeIgniter(Object(CodeIgniter\CodeIgniter))
13 FCPATH\index.php(65): CodeIgniter\Boot::bootWeb(Object(Config\Paths))
DEBUG - 2026-05-26 00:34:32 --> Session: Class initialized using 'CodeIgniter\Session\Handlers\FileHandler' driver.
ERROR - 2026-05-26 00:34:32 --> [Microsoft][ODBC Driver 17 for SQL Server][SQL Server]El nombre de columna 'id_rol' no es válido. SQLSTATE: 42S22, code: 207
in SYSTEMPATH\Database\BaseConnection.php on line 910.
 1 SYSTEMPATH\Database\BaseConnection.php(827): CodeIgniter\Database\BaseConnection->simpleQuery('SELECT "Usuario"."id_usuario", "Usuario"."nombre_usuario", "Usuario"."contraseña", "Usuario"."id_rol", "Usuario"."id_persona", "Usuario"."baja", "Rol"."descripcion" AS "rol", "Datos_personales"."nombre", "Datos_personales"."apellido", "Datos_personales"."email", "Datos_personales"."telefono", "Datos_personales"."dni"
FROM "NewFitnessSystems2"."dbo"."Usuario"
JOIN "NewFitnessSystems2"."dbo"."Rol" ON "Rol"."id_rol" = "Usuario"."id_rol"
JOIN "NewFitnessSystems2"."dbo"."Datos_personales" ON "Datos_personales"."id_persona" = "Usuario"."id_persona"
WHERE "Persona"."email" = \'luciana_fl@gmail.com\'
 ORDER BY (SELECT NULL)  OFFSET 0  ROWS FETCH NEXT 1 ROWS ONLY ')
 2 SYSTEMPATH\Database\SQLSRV\Builder.php(656): CodeIgniter\Database\BaseConnection->query('SELECT "Usuario"."id_usuario", "Usuario"."nombre_usuario", "Usuario"."contraseña", "Usuario"."id_rol", "Usuario"."id_persona", "Usuario"."baja", "Rol"."descripcion" AS "rol", "Datos_personales"."nombre", "Datos_personales"."apellido", "Datos_personales"."email", "Datos_personales"."telefono", "Datos_personales"."dni"
FROM "NewFitnessSystems2"."dbo"."Usuario"
JOIN "NewFitnessSystems2"."dbo"."Rol" ON "Rol"."id_rol" = "Usuario"."id_rol"
JOIN "NewFitnessSystems2"."dbo"."Datos_personales" ON "Datos_personales"."id_persona" = "Usuario"."id_persona"
WHERE "Persona"."email" = :Persona.email:
 ORDER BY (SELECT NULL)  OFFSET 0  ROWS FETCH NEXT 1 ROWS ONLY ', [...], false)
 3 SYSTEMPATH\Model.php(295): CodeIgniter\Database\SQLSRV\Builder->get()
 4 SYSTEMPATH\BaseModel.php(714): CodeIgniter\Model->doFirst()
 5 APPPATH\Models\UsuarioModel.php(82): CodeIgniter\BaseModel->first()
 6 APPPATH\Controllers\UsuarioController.php(28): App\Models\UsuarioModel->getUsuarioPorEmail('luciana_fl@gmail.com')
 7 SYSTEMPATH\CodeIgniter.php(951): App\Controllers\UsuarioController->auth()
 8 SYSTEMPATH\CodeIgniter.php(497): CodeIgniter\CodeIgniter->runController(Object(App\Controllers\UsuarioController))
 9 SYSTEMPATH\CodeIgniter.php(340): CodeIgniter\CodeIgniter->handleRequest(null, Object(Config\Cache), false)
10 SYSTEMPATH\Boot.php(417): CodeIgniter\CodeIgniter->run()
11 SYSTEMPATH\Boot.php(68): CodeIgniter\Boot::runCodeIgniter(Object(CodeIgniter\CodeIgniter))
12 FCPATH\index.php(65): CodeIgniter\Boot::bootWeb(Object(Config\Paths))
CRITICAL - 2026-05-26 00:34:32 --> CodeIgniter\Database\Exceptions\DatabaseException: [Microsoft][ODBC Driver 17 for SQL Server][SQL Server]El nombre de columna 'id_rol' no es válido. SQLSTATE: 42S22, code: 207
[Method: POST, Route: enviarlogin]
in SYSTEMPATH\Database\BaseConnection.php on line 865.
 1 SYSTEMPATH\Database\SQLSRV\Builder.php(656): CodeIgniter\Database\BaseConnection->query('SELECT "Usuario"."id_usuario", "Usuario"."nombre_usuario", "Usuario"."contraseña", "Usuario"."id_rol", "Usuario"."id_persona", "Usuario"."baja", "Rol"."descripcion" AS "rol", "Datos_personales"."nombre", "Datos_personales"."apellido", "Datos_personales"."email", "Datos_personales"."telefono", "Datos_personales"."dni"
FROM "NewFitnessSystems2"."dbo"."Usuario"
JOIN "NewFitnessSystems2"."dbo"."Rol" ON "Rol"."id_rol" = "Usuario"."id_rol"
JOIN "NewFitnessSystems2"."dbo"."Datos_personales" ON "Datos_personales"."id_persona" = "Usuario"."id_persona"
WHERE "Persona"."email" = :Persona.email:
 ORDER BY (SELECT NULL)  OFFSET 0  ROWS FETCH NEXT 1 ROWS ONLY ', [...], false)
 2 SYSTEMPATH\Model.php(295): CodeIgniter\Database\SQLSRV\Builder->get()
 3 SYSTEMPATH\BaseModel.php(714): CodeIgniter\Model->doFirst()
 4 APPPATH\Models\UsuarioModel.php(82): CodeIgniter\BaseModel->first()
 5 APPPATH\Controllers\UsuarioController.php(28): App\Models\UsuarioModel->getUsuarioPorEmail('luciana_fl@gmail.com')
 6 SYSTEMPATH\CodeIgniter.php(951): App\Controllers\UsuarioController->auth()
 7 SYSTEMPATH\CodeIgniter.php(497): CodeIgniter\CodeIgniter->runController(Object(App\Controllers\UsuarioController))
 8 SYSTEMPATH\CodeIgniter.php(340): CodeIgniter\CodeIgniter->handleRequest(null, Object(Config\Cache), false)
 9 SYSTEMPATH\Boot.php(417): CodeIgniter\CodeIgniter->run()
10 SYSTEMPATH\Boot.php(68): CodeIgniter\Boot::runCodeIgniter(Object(CodeIgniter\CodeIgniter))
11 FCPATH\index.php(65): CodeIgniter\Boot::bootWeb(Object(Config\Paths))
CRITICAL - 2026-05-26 00:34:32 --> [Caused by] CodeIgniter\Database\Exceptions\DatabaseException: [Microsoft][ODBC Driver 17 for SQL Server][SQL Server]El nombre de columna 'id_rol' no es válido. SQLSTATE: 42S22, code: 207
in SYSTEMPATH\Database\SQLSRV\Connection.php on line 533.
 1 SYSTEMPATH\Database\BaseConnection.php(910): CodeIgniter\Database\SQLSRV\Connection->execute('SELECT "Usuario"."id_usuario", "Usuario"."nombre_usuario", "Usuario"."contraseña", "Usuario"."id_rol", "Usuario"."id_persona", "Usuario"."baja", "Rol"."descripcion" AS "rol", "Datos_personales"."nombre", "Datos_personales"."apellido", "Datos_personales"."email", "Datos_personales"."telefono", "Datos_personales"."dni"
FROM "NewFitnessSystems2"."dbo"."Usuario"
JOIN "NewFitnessSystems2"."dbo"."Rol" ON "Rol"."id_rol" = "Usuario"."id_rol"
JOIN "NewFitnessSystems2"."dbo"."Datos_personales" ON "Datos_personales"."id_persona" = "Usuario"."id_persona"
WHERE "Persona"."email" = \'luciana_fl@gmail.com\'
 ORDER BY (SELECT NULL)  OFFSET 0  ROWS FETCH NEXT 1 ROWS ONLY ')
 2 SYSTEMPATH\Database\BaseConnection.php(827): CodeIgniter\Database\BaseConnection->simpleQuery('SELECT "Usuario"."id_usuario", "Usuario"."nombre_usuario", "Usuario"."contraseña", "Usuario"."id_rol", "Usuario"."id_persona", "Usuario"."baja", "Rol"."descripcion" AS "rol", "Datos_personales"."nombre", "Datos_personales"."apellido", "Datos_personales"."email", "Datos_personales"."telefono", "Datos_personales"."dni"
FROM "NewFitnessSystems2"."dbo"."Usuario"
JOIN "NewFitnessSystems2"."dbo"."Rol" ON "Rol"."id_rol" = "Usuario"."id_rol"
JOIN "NewFitnessSystems2"."dbo"."Datos_personales" ON "Datos_personales"."id_persona" = "Usuario"."id_persona"
WHERE "Persona"."email" = \'luciana_fl@gmail.com\'
 ORDER BY (SELECT NULL)  OFFSET 0  ROWS FETCH NEXT 1 ROWS ONLY ')
 3 SYSTEMPATH\Database\SQLSRV\Builder.php(656): CodeIgniter\Database\BaseConnection->query('SELECT "Usuario"."id_usuario", "Usuario"."nombre_usuario", "Usuario"."contraseña", "Usuario"."id_rol", "Usuario"."id_persona", "Usuario"."baja", "Rol"."descripcion" AS "rol", "Datos_personales"."nombre", "Datos_personales"."apellido", "Datos_personales"."email", "Datos_personales"."telefono", "Datos_personales"."dni"
FROM "NewFitnessSystems2"."dbo"."Usuario"
JOIN "NewFitnessSystems2"."dbo"."Rol" ON "Rol"."id_rol" = "Usuario"."id_rol"
JOIN "NewFitnessSystems2"."dbo"."Datos_personales" ON "Datos_personales"."id_persona" = "Usuario"."id_persona"
WHERE "Persona"."email" = :Persona.email:
 ORDER BY (SELECT NULL)  OFFSET 0  ROWS FETCH NEXT 1 ROWS ONLY ', [...], false)
 4 SYSTEMPATH\Model.php(295): CodeIgniter\Database\SQLSRV\Builder->get()
 5 SYSTEMPATH\BaseModel.php(714): CodeIgniter\Model->doFirst()
 6 APPPATH\Models\UsuarioModel.php(82): CodeIgniter\BaseModel->first()
 7 APPPATH\Controllers\UsuarioController.php(28): App\Models\UsuarioModel->getUsuarioPorEmail('luciana_fl@gmail.com')
 8 SYSTEMPATH\CodeIgniter.php(951): App\Controllers\UsuarioController->auth()
 9 SYSTEMPATH\CodeIgniter.php(497): CodeIgniter\CodeIgniter->runController(Object(App\Controllers\UsuarioController))
10 SYSTEMPATH\CodeIgniter.php(340): CodeIgniter\CodeIgniter->handleRequest(null, Object(Config\Cache), false)
11 SYSTEMPATH\Boot.php(417): CodeIgniter\CodeIgniter->run()
12 SYSTEMPATH\Boot.php(68): CodeIgniter\Boot::runCodeIgniter(Object(CodeIgniter\CodeIgniter))
13 FCPATH\index.php(65): CodeIgniter\Boot::bootWeb(Object(Config\Paths))
DEBUG - 2026-05-26 00:35:49 --> Session: Class initialized using 'CodeIgniter\Session\Handlers\FileHandler' driver.
DEBUG - 2026-05-26 00:36:34 --> Session: Class initialized using 'CodeIgniter\Session\Handlers\FileHandler' driver.
ERROR - 2026-05-26 00:36:35 --> [Microsoft][ODBC Driver 17 for SQL Server][SQL Server]El nombre de columna 'id_rol' no es válido. SQLSTATE: 42S22, code: 207
in SYSTEMPATH\Database\BaseConnection.php on line 910.
 1 SYSTEMPATH\Database\BaseConnection.php(827): CodeIgniter\Database\BaseConnection->simpleQuery('SELECT "Usuario"."id_usuario", "Usuario"."nombre_usuario", "Usuario"."contraseña", "Usuario"."id_rol", "Usuario"."id_persona", "Usuario"."baja", "Rol"."descripcion" AS "rol", "Datos_personales"."nombre", "Datos_personales"."apellido", "Datos_personales"."email", "Datos_personales"."telefono", "Datos_personales"."dni"
FROM "NewFitnessSystems2"."dbo"."Usuario"
JOIN "NewFitnessSystems2"."dbo"."Rol" ON "Rol"."id_rol" = "Usuario"."id_rol"
JOIN "NewFitnessSystems2"."dbo"."Datos_personales" ON "Datos_personales"."id_persona" = "Usuario"."id_persona"
WHERE "Persona"."email" = \'admin@newfitness.com\'
 ORDER BY (SELECT NULL)  OFFSET 0  ROWS FETCH NEXT 1 ROWS ONLY ')
 2 SYSTEMPATH\Database\SQLSRV\Builder.php(656): CodeIgniter\Database\BaseConnection->query('SELECT "Usuario"."id_usuario", "Usuario"."nombre_usuario", "Usuario"."contraseña", "Usuario"."id_rol", "Usuario"."id_persona", "Usuario"."baja", "Rol"."descripcion" AS "rol", "Datos_personales"."nombre", "Datos_personales"."apellido", "Datos_personales"."email", "Datos_personales"."telefono", "Datos_personales"."dni"
FROM "NewFitnessSystems2"."dbo"."Usuario"
JOIN "NewFitnessSystems2"."dbo"."Rol" ON "Rol"."id_rol" = "Usuario"."id_rol"
JOIN "NewFitnessSystems2"."dbo"."Datos_personales" ON "Datos_personales"."id_persona" = "Usuario"."id_persona"
WHERE "Persona"."email" = :Persona.email:
 ORDER BY (SELECT NULL)  OFFSET 0  ROWS FETCH NEXT 1 ROWS ONLY ', [...], false)
 3 SYSTEMPATH\Model.php(295): CodeIgniter\Database\SQLSRV\Builder->get()
 4 SYSTEMPATH\BaseModel.php(714): CodeIgniter\Model->doFirst()
 5 APPPATH\Models\UsuarioModel.php(82): CodeIgniter\BaseModel->first()
 6 APPPATH\Controllers\UsuarioController.php(28): App\Models\UsuarioModel->getUsuarioPorEmail('admin@newfitness.com')
 7 SYSTEMPATH\CodeIgniter.php(951): App\Controllers\UsuarioController->auth()
 8 SYSTEMPATH\CodeIgniter.php(497): CodeIgniter\CodeIgniter->runController(Object(App\Controllers\UsuarioController))
 9 SYSTEMPATH\CodeIgniter.php(340): CodeIgniter\CodeIgniter->handleRequest(null, Object(Config\Cache), false)
10 SYSTEMPATH\Boot.php(417): CodeIgniter\CodeIgniter->run()
11 SYSTEMPATH\Boot.php(68): CodeIgniter\Boot::runCodeIgniter(Object(CodeIgniter\CodeIgniter))
12 FCPATH\index.php(65): CodeIgniter\Boot::bootWeb(Object(Config\Paths))
CRITICAL - 2026-05-26 00:36:35 --> CodeIgniter\Database\Exceptions\DatabaseException: [Microsoft][ODBC Driver 17 for SQL Server][SQL Server]El nombre de columna 'id_rol' no es válido. SQLSTATE: 42S22, code: 207
[Method: POST, Route: enviarlogin]
in SYSTEMPATH\Database\BaseConnection.php on line 865.
 1 SYSTEMPATH\Database\SQLSRV\Builder.php(656): CodeIgniter\Database\BaseConnection->query('SELECT "Usuario"."id_usuario", "Usuario"."nombre_usuario", "Usuario"."contraseña", "Usuario"."id_rol", "Usuario"."id_persona", "Usuario"."baja", "Rol"."descripcion" AS "rol", "Datos_personales"."nombre", "Datos_personales"."apellido", "Datos_personales"."email", "Datos_personales"."telefono", "Datos_personales"."dni"
FROM "NewFitnessSystems2"."dbo"."Usuario"
JOIN "NewFitnessSystems2"."dbo"."Rol" ON "Rol"."id_rol" = "Usuario"."id_rol"
JOIN "NewFitnessSystems2"."dbo"."Datos_personales" ON "Datos_personales"."id_persona" = "Usuario"."id_persona"
WHERE "Persona"."email" = :Persona.email:
 ORDER BY (SELECT NULL)  OFFSET 0  ROWS FETCH NEXT 1 ROWS ONLY ', [...], false)
 2 SYSTEMPATH\Model.php(295): CodeIgniter\Database\SQLSRV\Builder->get()
 3 SYSTEMPATH\BaseModel.php(714): CodeIgniter\Model->doFirst()
 4 APPPATH\Models\UsuarioModel.php(82): CodeIgniter\BaseModel->first()
 5 APPPATH\Controllers\UsuarioController.php(28): App\Models\UsuarioModel->getUsuarioPorEmail('admin@newfitness.com')
 6 SYSTEMPATH\CodeIgniter.php(951): App\Controllers\UsuarioController->auth()
 7 SYSTEMPATH\CodeIgniter.php(497): CodeIgniter\CodeIgniter->runController(Object(App\Controllers\UsuarioController))
 8 SYSTEMPATH\CodeIgniter.php(340): CodeIgniter\CodeIgniter->handleRequest(null, Object(Config\Cache), false)
 9 SYSTEMPATH\Boot.php(417): CodeIgniter\CodeIgniter->run()
10 SYSTEMPATH\Boot.php(68): CodeIgniter\Boot::runCodeIgniter(Object(CodeIgniter\CodeIgniter))
11 FCPATH\index.php(65): CodeIgniter\Boot::bootWeb(Object(Config\Paths))
CRITICAL - 2026-05-26 00:36:35 --> [Caused by] CodeIgniter\Database\Exceptions\DatabaseException: [Microsoft][ODBC Driver 17 for SQL Server][SQL Server]El nombre de columna 'id_rol' no es válido. SQLSTATE: 42S22, code: 207
in SYSTEMPATH\Database\SQLSRV\Connection.php on line 533.
 1 SYSTEMPATH\Database\BaseConnection.php(910): CodeIgniter\Database\SQLSRV\Connection->execute('SELECT "Usuario"."id_usuario", "Usuario"."nombre_usuario", "Usuario"."contraseña", "Usuario"."id_rol", "Usuario"."id_persona", "Usuario"."baja", "Rol"."descripcion" AS "rol", "Datos_personales"."nombre", "Datos_personales"."apellido", "Datos_personales"."email", "Datos_personales"."telefono", "Datos_personales"."dni"
FROM "NewFitnessSystems2"."dbo"."Usuario"
JOIN "NewFitnessSystems2"."dbo"."Rol" ON "Rol"."id_rol" = "Usuario"."id_rol"
JOIN "NewFitnessSystems2"."dbo"."Datos_personales" ON "Datos_personales"."id_persona" = "Usuario"."id_persona"
WHERE "Persona"."email" = \'admin@newfitness.com\'
 ORDER BY (SELECT NULL)  OFFSET 0  ROWS FETCH NEXT 1 ROWS ONLY ')
 2 SYSTEMPATH\Database\BaseConnection.php(827): CodeIgniter\Database\BaseConnection->simpleQuery('SELECT "Usuario"."id_usuario", "Usuario"."nombre_usuario", "Usuario"."contraseña", "Usuario"."id_rol", "Usuario"."id_persona", "Usuario"."baja", "Rol"."descripcion" AS "rol", "Datos_personales"."nombre", "Datos_personales"."apellido", "Datos_personales"."email", "Datos_personales"."telefono", "Datos_personales"."dni"
FROM "NewFitnessSystems2"."dbo"."Usuario"
JOIN "NewFitnessSystems2"."dbo"."Rol" ON "Rol"."id_rol" = "Usuario"."id_rol"
JOIN "NewFitnessSystems2"."dbo"."Datos_personales" ON "Datos_personales"."id_persona" = "Usuario"."id_persona"
WHERE "Persona"."email" = \'admin@newfitness.com\'
 ORDER BY (SELECT NULL)  OFFSET 0  ROWS FETCH NEXT 1 ROWS ONLY ')
 3 SYSTEMPATH\Database\SQLSRV\Builder.php(656): CodeIgniter\Database\BaseConnection->query('SELECT "Usuario"."id_usuario", "Usuario"."nombre_usuario", "Usuario"."contraseña", "Usuario"."id_rol", "Usuario"."id_persona", "Usuario"."baja", "Rol"."descripcion" AS "rol", "Datos_personales"."nombre", "Datos_personales"."apellido", "Datos_personales"."email", "Datos_personales"."telefono", "Datos_personales"."dni"
FROM "NewFitnessSystems2"."dbo"."Usuario"
JOIN "NewFitnessSystems2"."dbo"."Rol" ON "Rol"."id_rol" = "Usuario"."id_rol"
JOIN "NewFitnessSystems2"."dbo"."Datos_personales" ON "Datos_personales"."id_persona" = "Usuario"."id_persona"
WHERE "Persona"."email" = :Persona.email:
 ORDER BY (SELECT NULL)  OFFSET 0  ROWS FETCH NEXT 1 ROWS ONLY ', [...], false)
 4 SYSTEMPATH\Model.php(295): CodeIgniter\Database\SQLSRV\Builder->get()
 5 SYSTEMPATH\BaseModel.php(714): CodeIgniter\Model->doFirst()
 6 APPPATH\Models\UsuarioModel.php(82): CodeIgniter\BaseModel->first()
 7 APPPATH\Controllers\UsuarioController.php(28): App\Models\UsuarioModel->getUsuarioPorEmail('admin@newfitness.com')
 8 SYSTEMPATH\CodeIgniter.php(951): App\Controllers\UsuarioController->auth()
 9 SYSTEMPATH\CodeIgniter.php(497): CodeIgniter\CodeIgniter->runController(Object(App\Controllers\UsuarioController))
10 SYSTEMPATH\CodeIgniter.php(340): CodeIgniter\CodeIgniter->handleRequest(null, Object(Config\Cache), false)
11 SYSTEMPATH\Boot.php(417): CodeIgniter\CodeIgniter->run()
12 SYSTEMPATH\Boot.php(68): CodeIgniter\Boot::runCodeIgniter(Object(CodeIgniter\CodeIgniter))
13 FCPATH\index.php(65): CodeIgniter\Boot::bootWeb(Object(Config\Paths))
DEBUG - 2026-05-26 00:44:32 --> Session: Class initialized using 'CodeIgniter\Session\Handlers\FileHandler' driver.
DEBUG - 2026-05-26 00:44:32 --> Session: Class initialized using 'CodeIgniter\Session\Handlers\FileHandler' driver.
DEBUG - 2026-05-26 00:44:37 --> Session: Class initialized using 'CodeIgniter\Session\Handlers\FileHandler' driver.
DEBUG - 2026-05-26 00:44:37 --> Session: Class initialized using 'CodeIgniter\Session\Handlers\FileHandler' driver.
DEBUG - 2026-05-26 00:44:38 --> Session: Class initialized using 'CodeIgniter\Session\Handlers\FileHandler' driver.
DEBUG - 2026-05-26 00:44:45 --> Session: Class initialized using 'CodeIgniter\Session\Handlers\FileHandler' driver.
DEBUG - 2026-05-26 00:44:45 --> Session: Class initialized using 'CodeIgniter\Session\Handlers\FileHandler' driver.
DEBUG - 2026-05-26 00:44:52 --> Session: Class initialized using 'CodeIgniter\Session\Handlers\FileHandler' driver.
DEBUG - 2026-05-26 00:47:25 --> Session: Class initialized using 'CodeIgniter\Session\Handlers\FileHandler' driver.
DEBUG - 2026-05-26 00:47:27 --> Session: Class initialized using 'CodeIgniter\Session\Handlers\FileHandler' driver.
ERROR - 2026-05-26 00:47:27 --> [Microsoft][ODBC Driver 17 for SQL Server][SQL Server]El nombre de objeto 'NewFitnessSystems2.dbo.Datos_personales' no es válido. SQLSTATE: 42S02, code: 208
in SYSTEMPATH\Database\BaseConnection.php on line 910.
 1 SYSTEMPATH\Database\BaseConnection.php(827): CodeIgniter\Database\BaseConnection->simpleQuery('SELECT "Datos_personales"."id_persona", "Datos_personales"."nombre", "Datos_personales"."apellido", "Datos_personales"."email", "Datos_personales"."telefono", "Datos_personales"."dni", "Datos_personales"."baja", "Rol"."descripcion" AS "rol"
FROM "NewFitnessSystems2"."dbo"."Datos_personales"
LEFT JOIN "NewFitnessSystems2"."dbo"."Usuario" ON "Usuario"."id_persona" = "Datos_personales"."id_persona"
LEFT JOIN "NewFitnessSystems2"."dbo"."Rol" ON "Rol"."id_rol" = "Usuario"."id_rol"
WHERE "Usuario"."id_rol" = 3
OR "Usuario"."id_usuario" IS NULL')
 2 SYSTEMPATH\Database\SQLSRV\Builder.php(656): CodeIgniter\Database\BaseConnection->query('SELECT "Datos_personales"."id_persona", "Datos_personales"."nombre", "Datos_personales"."apellido", "Datos_personales"."email", "Datos_personales"."telefono", "Datos_personales"."dni", "Datos_personales"."baja", "Rol"."descripcion" AS "rol"
FROM "NewFitnessSystems2"."dbo"."Datos_personales"
LEFT JOIN "NewFitnessSystems2"."dbo"."Usuario" ON "Usuario"."id_persona" = "Datos_personales"."id_persona"
LEFT JOIN "NewFitnessSystems2"."dbo"."Rol" ON "Rol"."id_rol" = "Usuario"."id_rol"
WHERE "Usuario"."id_rol" = :Usuario.id_rol:
OR "Usuario"."id_usuario" IS NULL', [...], false)
 3 SYSTEMPATH\Model.php(253): CodeIgniter\Database\SQLSRV\Builder->get()
 4 SYSTEMPATH\BaseModel.php(676): CodeIgniter\Model->doFindAll(0, 0)
 5 APPPATH\Models\ClienteModel.php(37): CodeIgniter\BaseModel->findAll()
 6 APPPATH\Controllers\ClienteController.php(16): App\Models\ClienteModel->getClientes()
 7 SYSTEMPATH\CodeIgniter.php(951): App\Controllers\ClienteController->index()
 8 SYSTEMPATH\CodeIgniter.php(497): CodeIgniter\CodeIgniter->runController(Object(App\Controllers\ClienteController))
 9 SYSTEMPATH\CodeIgniter.php(340): CodeIgniter\CodeIgniter->handleRequest(null, Object(Config\Cache), false)
10 SYSTEMPATH\Boot.php(417): CodeIgniter\CodeIgniter->run()
11 SYSTEMPATH\Boot.php(68): CodeIgniter\Boot::runCodeIgniter(Object(CodeIgniter\CodeIgniter))
12 FCPATH\index.php(65): CodeIgniter\Boot::bootWeb(Object(Config\Paths))
CRITICAL - 2026-05-26 00:47:27 --> CodeIgniter\Database\Exceptions\DatabaseException: [Microsoft][ODBC Driver 17 for SQL Server][SQL Server]El nombre de objeto 'NewFitnessSystems2.dbo.Datos_personales' no es válido. SQLSTATE: 42S02, code: 208
[Method: GET, Route: clientes]
in SYSTEMPATH\Database\BaseConnection.php on line 865.
 1 SYSTEMPATH\Database\SQLSRV\Builder.php(656): CodeIgniter\Database\BaseConnection->query('SELECT "Datos_personales"."id_persona", "Datos_personales"."nombre", "Datos_personales"."apellido", "Datos_personales"."email", "Datos_personales"."telefono", "Datos_personales"."dni", "Datos_personales"."baja", "Rol"."descripcion" AS "rol"
FROM "NewFitnessSystems2"."dbo"."Datos_personales"
LEFT JOIN "NewFitnessSystems2"."dbo"."Usuario" ON "Usuario"."id_persona" = "Datos_personales"."id_persona"
LEFT JOIN "NewFitnessSystems2"."dbo"."Rol" ON "Rol"."id_rol" = "Usuario"."id_rol"
WHERE "Usuario"."id_rol" = :Usuario.id_rol:
OR "Usuario"."id_usuario" IS NULL', [...], false)
 2 SYSTEMPATH\Model.php(253): CodeIgniter\Database\SQLSRV\Builder->get()
 3 SYSTEMPATH\BaseModel.php(676): CodeIgniter\Model->doFindAll(0, 0)
 4 APPPATH\Models\ClienteModel.php(37): CodeIgniter\BaseModel->findAll()
 5 APPPATH\Controllers\ClienteController.php(16): App\Models\ClienteModel->getClientes()
 6 SYSTEMPATH\CodeIgniter.php(951): App\Controllers\ClienteController->index()
 7 SYSTEMPATH\CodeIgniter.php(497): CodeIgniter\CodeIgniter->runController(Object(App\Controllers\ClienteController))
 8 SYSTEMPATH\CodeIgniter.php(340): CodeIgniter\CodeIgniter->handleRequest(null, Object(Config\Cache), false)
 9 SYSTEMPATH\Boot.php(417): CodeIgniter\CodeIgniter->run()
10 SYSTEMPATH\Boot.php(68): CodeIgniter\Boot::runCodeIgniter(Object(CodeIgniter\CodeIgniter))
11 FCPATH\index.php(65): CodeIgniter\Boot::bootWeb(Object(Config\Paths))
CRITICAL - 2026-05-26 00:47:27 --> [Caused by] CodeIgniter\Database\Exceptions\DatabaseException: [Microsoft][ODBC Driver 17 for SQL Server][SQL Server]El nombre de objeto 'NewFitnessSystems2.dbo.Datos_personales' no es válido. SQLSTATE: 42S02, code: 208
in SYSTEMPATH\Database\SQLSRV\Connection.php on line 533.
 1 SYSTEMPATH\Database\BaseConnection.php(910): CodeIgniter\Database\SQLSRV\Connection->execute('SELECT "Datos_personales"."id_persona", "Datos_personales"."nombre", "Datos_personales"."apellido", "Datos_personales"."email", "Datos_personales"."telefono", "Datos_personales"."dni", "Datos_personales"."baja", "Rol"."descripcion" AS "rol"
FROM "NewFitnessSystems2"."dbo"."Datos_personales"
LEFT JOIN "NewFitnessSystems2"."dbo"."Usuario" ON "Usuario"."id_persona" = "Datos_personales"."id_persona"
LEFT JOIN "NewFitnessSystems2"."dbo"."Rol" ON "Rol"."id_rol" = "Usuario"."id_rol"
WHERE "Usuario"."id_rol" = 3
OR "Usuario"."id_usuario" IS NULL')
 2 SYSTEMPATH\Database\BaseConnection.php(827): CodeIgniter\Database\BaseConnection->simpleQuery('SELECT "Datos_personales"."id_persona", "Datos_personales"."nombre", "Datos_personales"."apellido", "Datos_personales"."email", "Datos_personales"."telefono", "Datos_personales"."dni", "Datos_personales"."baja", "Rol"."descripcion" AS "rol"
FROM "NewFitnessSystems2"."dbo"."Datos_personales"
LEFT JOIN "NewFitnessSystems2"."dbo"."Usuario" ON "Usuario"."id_persona" = "Datos_personales"."id_persona"
LEFT JOIN "NewFitnessSystems2"."dbo"."Rol" ON "Rol"."id_rol" = "Usuario"."id_rol"
WHERE "Usuario"."id_rol" = 3
OR "Usuario"."id_usuario" IS NULL')
 3 SYSTEMPATH\Database\SQLSRV\Builder.php(656): CodeIgniter\Database\BaseConnection->query('SELECT "Datos_personales"."id_persona", "Datos_personales"."nombre", "Datos_personales"."apellido", "Datos_personales"."email", "Datos_personales"."telefono", "Datos_personales"."dni", "Datos_personales"."baja", "Rol"."descripcion" AS "rol"
FROM "NewFitnessSystems2"."dbo"."Datos_personales"
LEFT JOIN "NewFitnessSystems2"."dbo"."Usuario" ON "Usuario"."id_persona" = "Datos_personales"."id_persona"
LEFT JOIN "NewFitnessSystems2"."dbo"."Rol" ON "Rol"."id_rol" = "Usuario"."id_rol"
WHERE "Usuario"."id_rol" = :Usuario.id_rol:
OR "Usuario"."id_usuario" IS NULL', [...], false)
 4 SYSTEMPATH\Model.php(253): CodeIgniter\Database\SQLSRV\Builder->get()
 5 SYSTEMPATH\BaseModel.php(676): CodeIgniter\Model->doFindAll(0, 0)
 6 APPPATH\Models\ClienteModel.php(37): CodeIgniter\BaseModel->findAll()
 7 APPPATH\Controllers\ClienteController.php(16): App\Models\ClienteModel->getClientes()
 8 SYSTEMPATH\CodeIgniter.php(951): App\Controllers\ClienteController->index()
 9 SYSTEMPATH\CodeIgniter.php(497): CodeIgniter\CodeIgniter->runController(Object(App\Controllers\ClienteController))
10 SYSTEMPATH\CodeIgniter.php(340): CodeIgniter\CodeIgniter->handleRequest(null, Object(Config\Cache), false)
11 SYSTEMPATH\Boot.php(417): CodeIgniter\CodeIgniter->run()
12 SYSTEMPATH\Boot.php(68): CodeIgniter\Boot::runCodeIgniter(Object(CodeIgniter\CodeIgniter))
13 FCPATH\index.php(65): CodeIgniter\Boot::bootWeb(Object(Config\Paths))
DEBUG - 2026-05-26 01:00:22 --> Session: Class initialized using 'CodeIgniter\Session\Handlers\FileHandler' driver.
DEBUG - 2026-05-26 01:00:26 --> Session: Class initialized using 'CodeIgniter\Session\Handlers\FileHandler' driver.
ERROR - 2026-05-26 01:00:26 --> [Microsoft][ODBC Driver 17 for SQL Server][SQL Server]El nombre de objeto 'NewFitnessSystems2.dbo.Datos_personales' no es válido. SQLSTATE: 42S02, code: 208
in SYSTEMPATH\Database\BaseConnection.php on line 910.
 1 SYSTEMPATH\Database\BaseConnection.php(827): CodeIgniter\Database\BaseConnection->simpleQuery('SELECT "Datos_personales"."id_persona", "Datos_personales"."nombre", "Datos_personales"."apellido", "Datos_personales"."email", "Datos_personales"."telefono", "Datos_personales"."dni", "Datos_personales"."baja", "Rol"."descripcion" AS "rol"
FROM "NewFitnessSystems2"."dbo"."Datos_personales"
LEFT JOIN "NewFitnessSystems2"."dbo"."Usuario" ON "Usuario"."id_persona" = "Datos_personales"."id_persona"
LEFT JOIN "NewFitnessSystems2"."dbo"."Rol" ON "Rol"."id_rol" = "Usuario"."id_rol"
WHERE "Usuario"."id_rol" = 3
OR "Usuario"."id_usuario" IS NULL')
 2 SYSTEMPATH\Database\SQLSRV\Builder.php(656): CodeIgniter\Database\BaseConnection->query('SELECT "Datos_personales"."id_persona", "Datos_personales"."nombre", "Datos_personales"."apellido", "Datos_personales"."email", "Datos_personales"."telefono", "Datos_personales"."dni", "Datos_personales"."baja", "Rol"."descripcion" AS "rol"
FROM "NewFitnessSystems2"."dbo"."Datos_personales"
LEFT JOIN "NewFitnessSystems2"."dbo"."Usuario" ON "Usuario"."id_persona" = "Datos_personales"."id_persona"
LEFT JOIN "NewFitnessSystems2"."dbo"."Rol" ON "Rol"."id_rol" = "Usuario"."id_rol"
WHERE "Usuario"."id_rol" = :Usuario.id_rol:
OR "Usuario"."id_usuario" IS NULL', [...], false)
 3 SYSTEMPATH\Model.php(253): CodeIgniter\Database\SQLSRV\Builder->get()
 4 SYSTEMPATH\BaseModel.php(676): CodeIgniter\Model->doFindAll(0, 0)
 5 APPPATH\Models\ClienteModel.php(37): CodeIgniter\BaseModel->findAll()
 6 APPPATH\Controllers\ClienteController.php(16): App\Models\ClienteModel->getClientes()
 7 SYSTEMPATH\CodeIgniter.php(951): App\Controllers\ClienteController->index()
 8 SYSTEMPATH\CodeIgniter.php(497): CodeIgniter\CodeIgniter->runController(Object(App\Controllers\ClienteController))
 9 SYSTEMPATH\CodeIgniter.php(340): CodeIgniter\CodeIgniter->handleRequest(null, Object(Config\Cache), false)
10 SYSTEMPATH\Boot.php(417): CodeIgniter\CodeIgniter->run()
11 SYSTEMPATH\Boot.php(68): CodeIgniter\Boot::runCodeIgniter(Object(CodeIgniter\CodeIgniter))
12 FCPATH\index.php(65): CodeIgniter\Boot::bootWeb(Object(Config\Paths))
CRITICAL - 2026-05-26 01:00:26 --> CodeIgniter\Database\Exceptions\DatabaseException: [Microsoft][ODBC Driver 17 for SQL Server][SQL Server]El nombre de objeto 'NewFitnessSystems2.dbo.Datos_personales' no es válido. SQLSTATE: 42S02, code: 208
[Method: GET, Route: clientes]
in SYSTEMPATH\Database\BaseConnection.php on line 865.
 1 SYSTEMPATH\Database\SQLSRV\Builder.php(656): CodeIgniter\Database\BaseConnection->query('SELECT "Datos_personales"."id_persona", "Datos_personales"."nombre", "Datos_personales"."apellido", "Datos_personales"."email", "Datos_personales"."telefono", "Datos_personales"."dni", "Datos_personales"."baja", "Rol"."descripcion" AS "rol"
FROM "NewFitnessSystems2"."dbo"."Datos_personales"
LEFT JOIN "NewFitnessSystems2"."dbo"."Usuario" ON "Usuario"."id_persona" = "Datos_personales"."id_persona"
LEFT JOIN "NewFitnessSystems2"."dbo"."Rol" ON "Rol"."id_rol" = "Usuario"."id_rol"
WHERE "Usuario"."id_rol" = :Usuario.id_rol:
OR "Usuario"."id_usuario" IS NULL', [...], false)
 2 SYSTEMPATH\Model.php(253): CodeIgniter\Database\SQLSRV\Builder->get()
 3 SYSTEMPATH\BaseModel.php(676): CodeIgniter\Model->doFindAll(0, 0)
 4 APPPATH\Models\ClienteModel.php(37): CodeIgniter\BaseModel->findAll()
 5 APPPATH\Controllers\ClienteController.php(16): App\Models\ClienteModel->getClientes()
 6 SYSTEMPATH\CodeIgniter.php(951): App\Controllers\ClienteController->index()
 7 SYSTEMPATH\CodeIgniter.php(497): CodeIgniter\CodeIgniter->runController(Object(App\Controllers\ClienteController))
 8 SYSTEMPATH\CodeIgniter.php(340): CodeIgniter\CodeIgniter->handleRequest(null, Object(Config\Cache), false)
 9 SYSTEMPATH\Boot.php(417): CodeIgniter\CodeIgniter->run()
10 SYSTEMPATH\Boot.php(68): CodeIgniter\Boot::runCodeIgniter(Object(CodeIgniter\CodeIgniter))
11 FCPATH\index.php(65): CodeIgniter\Boot::bootWeb(Object(Config\Paths))
CRITICAL - 2026-05-26 01:00:26 --> [Caused by] CodeIgniter\Database\Exceptions\DatabaseException: [Microsoft][ODBC Driver 17 for SQL Server][SQL Server]El nombre de objeto 'NewFitnessSystems2.dbo.Datos_personales' no es válido. SQLSTATE: 42S02, code: 208
in SYSTEMPATH\Database\SQLSRV\Connection.php on line 533.
 1 SYSTEMPATH\Database\BaseConnection.php(910): CodeIgniter\Database\SQLSRV\Connection->execute('SELECT "Datos_personales"."id_persona", "Datos_personales"."nombre", "Datos_personales"."apellido", "Datos_personales"."email", "Datos_personales"."telefono", "Datos_personales"."dni", "Datos_personales"."baja", "Rol"."descripcion" AS "rol"
FROM "NewFitnessSystems2"."dbo"."Datos_personales"
LEFT JOIN "NewFitnessSystems2"."dbo"."Usuario" ON "Usuario"."id_persona" = "Datos_personales"."id_persona"
LEFT JOIN "NewFitnessSystems2"."dbo"."Rol" ON "Rol"."id_rol" = "Usuario"."id_rol"
WHERE "Usuario"."id_rol" = 3
OR "Usuario"."id_usuario" IS NULL')
 2 SYSTEMPATH\Database\BaseConnection.php(827): CodeIgniter\Database\BaseConnection->simpleQuery('SELECT "Datos_personales"."id_persona", "Datos_personales"."nombre", "Datos_personales"."apellido", "Datos_personales"."email", "Datos_personales"."telefono", "Datos_personales"."dni", "Datos_personales"."baja", "Rol"."descripcion" AS "rol"
FROM "NewFitnessSystems2"."dbo"."Datos_personales"
LEFT JOIN "NewFitnessSystems2"."dbo"."Usuario" ON "Usuario"."id_persona" = "Datos_personales"."id_persona"
LEFT JOIN "NewFitnessSystems2"."dbo"."Rol" ON "Rol"."id_rol" = "Usuario"."id_rol"
WHERE "Usuario"."id_rol" = 3
OR "Usuario"."id_usuario" IS NULL')
 3 SYSTEMPATH\Database\SQLSRV\Builder.php(656): CodeIgniter\Database\BaseConnection->query('SELECT "Datos_personales"."id_persona", "Datos_personales"."nombre", "Datos_personales"."apellido", "Datos_personales"."email", "Datos_personales"."telefono", "Datos_personales"."dni", "Datos_personales"."baja", "Rol"."descripcion" AS "rol"
FROM "NewFitnessSystems2"."dbo"."Datos_personales"
LEFT JOIN "NewFitnessSystems2"."dbo"."Usuario" ON "Usuario"."id_persona" = "Datos_personales"."id_persona"
LEFT JOIN "NewFitnessSystems2"."dbo"."Rol" ON "Rol"."id_rol" = "Usuario"."id_rol"
WHERE "Usuario"."id_rol" = :Usuario.id_rol:
OR "Usuario"."id_usuario" IS NULL', [...], false)
 4 SYSTEMPATH\Model.php(253): CodeIgniter\Database\SQLSRV\Builder->get()
 5 SYSTEMPATH\BaseModel.php(676): CodeIgniter\Model->doFindAll(0, 0)
 6 APPPATH\Models\ClienteModel.php(37): CodeIgniter\BaseModel->findAll()
 7 APPPATH\Controllers\ClienteController.php(16): App\Models\ClienteModel->getClientes()
 8 SYSTEMPATH\CodeIgniter.php(951): App\Controllers\ClienteController->index()
 9 SYSTEMPATH\CodeIgniter.php(497): CodeIgniter\CodeIgniter->runController(Object(App\Controllers\ClienteController))
10 SYSTEMPATH\CodeIgniter.php(340): CodeIgniter\CodeIgniter->handleRequest(null, Object(Config\Cache), false)
11 SYSTEMPATH\Boot.php(417): CodeIgniter\CodeIgniter->run()
12 SYSTEMPATH\Boot.php(68): CodeIgniter\Boot::runCodeIgniter(Object(CodeIgniter\CodeIgniter))
13 FCPATH\index.php(65): CodeIgniter\Boot::bootWeb(Object(Config\Paths))
DEBUG - 2026-05-26 01:00:28 --> Session: Class initialized using 'CodeIgniter\Session\Handlers\FileHandler' driver.
DEBUG - 2026-05-26 01:00:30 --> Session: Class initialized using 'CodeIgniter\Session\Handlers\FileHandler' driver.
DEBUG - 2026-05-26 01:03:42 --> Session: Class initialized using 'CodeIgniter\Session\Handlers\FileHandler' driver.
DEBUG - 2026-05-26 01:03:44 --> Session: Class initialized using 'CodeIgniter\Session\Handlers\FileHandler' driver.
DEBUG - 2026-05-26 01:03:44 --> Session: Class initialized using 'CodeIgniter\Session\Handlers\FileHandler' driver.
DEBUG - 2026-05-26 01:04:52 --> Session: Class initialized using 'CodeIgniter\Session\Handlers\FileHandler' driver.
DEBUG - 2026-05-26 01:04:55 --> Session: Class initialized using 'CodeIgniter\Session\Handlers\FileHandler' driver.
DEBUG - 2026-05-26 01:04:55 --> Session: Class initialized using 'CodeIgniter\Session\Handlers\FileHandler' driver.
DEBUG - 2026-05-26 01:06:56 --> Session: Class initialized using 'CodeIgniter\Session\Handlers\FileHandler' driver.
DEBUG - 2026-05-26 01:08:19 --> Session: Class initialized using 'CodeIgniter\Session\Handlers\FileHandler' driver.
DEBUG - 2026-05-26 01:08:20 --> Session: Class initialized using 'CodeIgniter\Session\Handlers\FileHandler' driver.
DEBUG - 2026-05-26 01:08:27 --> Session: Class initialized using 'CodeIgniter\Session\Handlers\FileHandler' driver.
DEBUG - 2026-05-26 01:12:09 --> Session: Class initialized using 'CodeIgniter\Session\Handlers\FileHandler' driver.
DEBUG - 2026-05-26 01:12:10 --> Session: Class initialized using 'CodeIgniter\Session\Handlers\FileHandler' driver.
